Component: Arm Compiler for Embedded 6.18 Tool: armlink [5e4cc100]

==============================================================================

Section Cross References

    startup_stm32f407xx.o(STACK) refers (Special) to heapauxi.o(.text) for __use_two_region_memory
    startup_stm32f407xx.o(HEAP) refers (Special) to heapauxi.o(.text) for __use_two_region_memory
    startup_stm32f407xx.o(RESET) refers (Special) to heapauxi.o(.text) for __use_two_region_memory
    startup_stm32f407xx.o(RESET) refers to startup_stm32f407xx.o(STACK) for __initial_sp
    startup_stm32f407xx.o(RESET) refers to startup_stm32f407xx.o(.text) for Reset_Handler
    startup_stm32f407xx.o(RESET) refers to stm32f4xx_it.o(.text.NMI_Handler) for NMI_Handler
    startup_stm32f407xx.o(RESET) refers to stm32f4xx_it.o(.text.HardFault_Handler) for HardFault_Handler
    startup_stm32f407xx.o(RESET) refers to stm32f4xx_it.o(.text.MemManage_Handler) for MemManage_Handler
    startup_stm32f407xx.o(RESET) refers to stm32f4xx_it.o(.text.BusFault_Handler) for BusFault_Handler
    startup_stm32f407xx.o(RESET) refers to stm32f4xx_it.o(.text.UsageFault_Handler) for UsageFault_Handler
    startup_stm32f407xx.o(RESET) refers to port.o(.text.SVC_Handler) for SVC_Handler
    startup_stm32f407xx.o(RESET) refers to stm32f4xx_it.o(.text.DebugMon_Handler) for DebugMon_Handler
    startup_stm32f407xx.o(RESET) refers to port.o(.text.PendSV_Handler) for PendSV_Handler
    startup_stm32f407xx.o(RESET) refers to cmsis_os2.o(.text.SysTick_Handler) for SysTick_Handler
    startup_stm32f407xx.o(RESET) refers to stm32f4xx_it.o(.text.SPI1_IRQHandler) for SPI1_IRQHandler
    startup_stm32f407xx.o(RESET) refers to stm32f4xx_it.o(.text.TIM6_DAC_IRQHandler) for TIM6_DAC_IRQHandler
    startup_stm32f407xx.o(.text) refers (Special) to heapauxi.o(.text) for __use_two_region_memory
    startup_stm32f407xx.o(.text) refers to system_stm32f4xx.o(.text.SystemInit) for SystemInit
    startup_stm32f407xx.o(.text) refers to __main.o(!!!main) for __main
    startup_stm32f407xx.o(.text) refers to startup_stm32f407xx.o(HEAP) for Heap_Mem
    startup_stm32f407xx.o(.text) refers to startup_stm32f407xx.o(STACK) for Stack_Mem
    ssd1963_fsmc.o(.ARM.exidx.text.LCD_Pixel) refers to ssd1963_fsmc.o(.text.LCD_Pixel) for [Anonymous Symbol]
    ssd1963_fsmc.o(.ARM.exidx.text.LCD_Rect_Fill) refers to ssd1963_fsmc.o(.text.LCD_Rect_Fill) for [Anonymous Symbol]
    ssd1963_fsmc.o(.ARM.exidx.text.LCD_Line) refers to ssd1963_fsmc.o(.text.LCD_Line) for [Anonymous Symbol]
    ssd1963_fsmc.o(.text.LCD_Triangle) refers to ssd1963_fsmc.o(.text.LCD_Line) for LCD_Line
    ssd1963_fsmc.o(.ARM.exidx.text.LCD_Triangle) refers to ssd1963_fsmc.o(.text.LCD_Triangle) for [Anonymous Symbol]
    ssd1963_fsmc.o(.text.LCD_Rect) refers to ssd1963_fsmc.o(.text.LCD_Line) for LCD_Line
    ssd1963_fsmc.o(.ARM.exidx.text.LCD_Rect) refers to ssd1963_fsmc.o(.text.LCD_Rect) for [Anonymous Symbol]
    ssd1963_fsmc.o(.text.LCD_Ellipse) refers to ssd1963_fsmc.o(.text.LCD_Line) for LCD_Line
    ssd1963_fsmc.o(.ARM.exidx.text.LCD_Ellipse) refers to ssd1963_fsmc.o(.text.LCD_Ellipse) for [Anonymous Symbol]
    ssd1963_fsmc.o(.ARM.exidx.text.LCD_Circle) refers to ssd1963_fsmc.o(.text.LCD_Circle) for [Anonymous Symbol]
    ssd1963_fsmc.o(.ARM.exidx.text.LCD_Circle_Helper) refers to ssd1963_fsmc.o(.text.LCD_Circle_Helper) for [Anonymous Symbol]
    ssd1963_fsmc.o(.text.LCD_Rect_Round) refers to ssd1963_fsmc.o(.text.LCD_Line) for LCD_Line
    ssd1963_fsmc.o(.text.LCD_Rect_Round) refers to ssd1963_fsmc.o(.text.LCD_Circle_Helper) for LCD_Circle_Helper
    ssd1963_fsmc.o(.ARM.exidx.text.LCD_Rect_Round) refers to ssd1963_fsmc.o(.text.LCD_Rect_Round) for [Anonymous Symbol]
    ssd1963_fsmc.o(.ARM.exidx.text.LCD_Circle_Fill_Helper) refers to ssd1963_fsmc.o(.text.LCD_Circle_Fill_Helper) for [Anonymous Symbol]
    ssd1963_fsmc.o(.text.LCD_Rect_Round_Fill) refers to ssd1963_fsmc.o(.text.LCD_Circle_Fill_Helper) for LCD_Circle_Fill_Helper
    ssd1963_fsmc.o(.ARM.exidx.text.LCD_Rect_Round_Fill) refers to ssd1963_fsmc.o(.text.LCD_Rect_Round_Fill) for [Anonymous Symbol]
    ssd1963_fsmc.o(.text.LCD_Font) refers to strlen.o(.text) for strlen
    ssd1963_fsmc.o(.ARM.exidx.text.LCD_Font) refers to ssd1963_fsmc.o(.text.LCD_Font) for [Anonymous Symbol]
    ssd1963_fsmc.o(.text.LCD_Init) refers to stm32f4xx_hal_gpio.o(.text.HAL_GPIO_WritePin) for HAL_GPIO_WritePin
    ssd1963_fsmc.o(.text.LCD_Init) refers to stm32f4xx_hal.o(.text.HAL_Delay) for HAL_Delay
    ssd1963_fsmc.o(.ARM.exidx.text.LCD_Init) refers to ssd1963_fsmc.o(.text.LCD_Init) for [Anonymous Symbol]
    ssd1963_fsmc.o(.text.LCD_Bright) refers to dflt_clz.o(x$fpl$dfltu) for __aeabi_ui2d
    ssd1963_fsmc.o(.text.LCD_Bright) refers to dmul.o(x$fpl$dmul) for __aeabi_dmul
    ssd1963_fsmc.o(.text.LCD_Bright) refers to dfix.o(x$fpl$dfix) for __aeabi_d2iz
    ssd1963_fsmc.o(.ARM.exidx.text.LCD_Bright) refers to ssd1963_fsmc.o(.text.LCD_Bright) for [Anonymous Symbol]
[...]
    vApplicationGetTimerTaskMemory.Timer_Stack 0x20004d94   Data        1024  cmsis_os2.o(.bss.vApplicationGetTimerTaskMemory.Timer_Stack)
    [Anonymous Symbol]                       0x20004d94   Section        0  cmsis_os2.o(.bss.vApplicationGetTimerTaskMemory.Timer_Stack)
    vApplicationGetTimerTaskMemory.Timer_TCB 0x20005194   Data          92  cmsis_os2.o(.bss.vApplicationGetTimerTaskMemory.Timer_TCB)
    [Anonymous Symbol]                       0x20005194   Section        0  cmsis_os2.o(.bss.vApplicationGetTimerTaskMemory.Timer_TCB)
    Heap_Mem                                 0x20005230   Data         512  startup_stm32f407xx.o(HEAP)
    HEAP                                     0x20005230   Section      512  startup_stm32f407xx.o(HEAP)
    Stack_Mem                                0x20005430   Data        1024  startup_stm32f407xx.o(STACK)
    STACK                                    0x20005430   Section     1024  startup_stm32f407xx.o(STACK)
    __initial_sp                             0x20005830   Data           0  startup_stm32f407xx.o(STACK)

    Global Symbols

    Symbol Name                              Value     Ov Type        Size  Object(Section)

    BuildAttributes$$THM_ISAv4$E$P$D$K$B$S$7EM$VFPi3$EXTD16$VFPS$VFMA$PE$A:L22UL41UL21$X:L11$S22US41US21$IEEE1$IW$~IW$USESV6$~STKCKD$USESV7$~SHL$OTIME$ROPI$EBA8$UX$STANDARDLIB$REQ8$PRES8$EABIv2 0x00000000   Number         0  anon$$obj.o ABSOLUTE
    __ARM_exceptions_init                     - Undefined Weak Reference
    __alloca_initialize                       - Undefined Weak Reference
    __arm_preinit_                            - Undefined Weak Reference
    __arm_relocate_pie_                       - Undefined Weak Reference
    __cpp_initialize__aeabi_                  - Undefined Weak Reference
    __cxa_finalize                            - Undefined Weak Reference
    __rt_locale                               - Undefined Weak Reference
    __sigvec_lookup                           - Undefined Weak Reference
    __user_heap_extent                        - Undefined Weak Reference
    _atexit_init                              - Undefined Weak Reference
    _call_atexit_fns                          - Undefined Weak Reference
    _clock_init                               - Undefined Weak Reference
    _fp_trap_init                             - Undefined Weak Reference
    _fp_trap_shutdown                         - Undefined Weak Reference
    _get_lc_collate                           - Undefined Weak Reference
    _get_lc_ctype                             - Undefined Weak Reference
    _get_lc_monetary                          - Undefined Weak Reference
    _get_lc_numeric                           - Undefined Weak Reference
    _get_lc_time                              - Undefined Weak Reference
    _getenv_init                              - Undefined Weak Reference
    _handle_redirection                       - Undefined Weak Reference
    _initio                                   - Undefined Weak Reference
    _mutex_acquire                            - Undefined Weak Reference
    _mutex_free                               - Undefined Weak Reference
    _mutex_release                            - Undefined Weak Reference
    _rand_init                                - Undefined Weak Reference
    _signal_finish                            - Undefined Weak Reference
    _signal_init                              - Undefined Weak Reference
    _terminateio                              - Undefined Weak Reference
    __Vectors_Size                           0x00000188   Number         0  startup_stm32f407xx.o ABSOLUTE
    __Vectors                                0x08000000   Data           4  startup_stm32f407xx.o(RESET)
    __Vectors_End                            0x08000188   Data           0  startup_stm32f407xx.o(RESET)
    __main                                   0x08000189   Thumb Code     8  __main.o(!!!main)
    __scatterload                            0x08000191   Thumb Code     0  __scatter.o(!!!scatter)
    __scatterload_rt2                        0x08000191   Thumb Code    44  __scatter.o(!!!scatter)
    __scatterload_rt2_thumb_only             0x08000191   Thumb Code     0  __scatter.o(!!!scatter)
    __scatterload_null                       0x0800019f   Thumb Code     0  __scatter.o(!!!scatter)
    __scatterload_copy                       0x080001c5   Thumb Code    26  __scatter_copy.o(!!handler_copy)
    __scatterload_zeroinit                   0x080001e1   Thumb Code    28  __scatter_zi.o(!!handler_zi)
    __rt_lib_init                            0x080001fd   Thumb Code     0  libinit.o(.ARM.Collect$$libinit$$00000000)
    __rt_lib_init_fp_1                       0x080001ff   Thumb Code     0  libinit2.o(.ARM.Collect$$libinit$$00000001)
    __rt_lib_init_heap_2                     0x08000203   Thumb Code     0  libinit2.o(.ARM.Collect$$libinit$$00000007)
    __rt_lib_init_preinit_1                  0x08000203   Thumb Code     0  libinit2.o(.ARM.Collect$$libinit$$00000006)
    __rt_lib_init_relocate_pie_1             0x08000203   Thumb Code     0  libinit2.o(.ARM.Collect$$libinit$$00000004)
    __rt_lib_init_alloca_1                   0x0800020b   Thumb Code     0  libinit2.o(.ARM.Collect$$libinit$$00000030)
    __rt_lib_init_argv_1                     0x0800020b   Thumb Code     0  libinit2.o(.ARM.Collect$$libinit$$0000002E)
    __rt_lib_init_atexit_1                   0x0800020b   Thumb Code     0  libinit2.o(.ARM.Collect$$libinit$$0000001D)
    __rt_lib_init_clock_1                    0x0800020b   Thumb Code     0  libinit2.o(.ARM.Collect$$libinit$$00000023)
    __rt_lib_init_cpp_1                      0x0800020b   Thumb Code     0  libinit2.o(.ARM.Collect$$libinit$$00000034)
    __rt_lib_init_exceptions_1               0x0800020b   Thumb Code     0  libinit2.o(.ARM.Collect$$libinit$$00000032)
    __rt_lib_init_fp_trap_1                  0x0800020b   Thumb Code     0  libinit2.o(.ARM.Collect$$libinit$$00000021)
    __rt_lib_init_getenv_1                   0x0800020b   Thumb Code     0  libinit2.o(.ARM.Collect$$libinit$$00000025)
    __rt_lib_init_heap_1                     0x0800020b   Thumb Code     0  libinit2.o(.ARM.Collect$$libinit$$0000000C)
    __rt_lib_init_lc_collate_1               0x0800020b   Thumb Code     0  libinit2.o(.ARM.Collect$$libinit$$00000013)
    __rt_lib_init_lc_ctype_1                 0x0800020b   Thumb Code     0  libinit2.o(.ARM.Collect$$libinit$$00000015)
    __rt_lib_init_lc_monetary_1              0x0800020b   Thumb Code     0  libinit2.o(.ARM.Collect$$libinit$$00000017)
    __rt_lib_init_lc_numeric_1               0x0800020b   Thumb Code     0  libinit2.o(.ARM.Collect$$libinit$$00000019)
    __rt_lib_init_lc_time_1                  0x0800020b   Thumb Code     0  libinit2.o(.ARM.Collect$$libinit$$0000001B)
    __rt_lib_init_rand_1                     0x0800020b   Thumb Code     0  libinit2.o(.ARM.Collect$$libinit$$00000010)
    __rt_lib_init_return                     0x0800020b   Thumb Code     0  libinit2.o(.ARM.Collect$$libinit$$00000035)
    __rt_lib_init_signal_1                   0x0800020b   Thumb Code     0  libinit2.o(.ARM.Collect$$libinit$$0000001F)
    __rt_lib_init_stdio_1                    0x0800020b   Thumb Code     0  libinit2.o(.ARM.Collect$$libinit$$00000027)
    __rt_lib_init_user_alloc_1               0x0800020b   Thumb Code     0  libinit2.o(.ARM.Collect$$libinit$$0000000E)
    __rt_lib_shutdown                        0x0800020d   Thumb Code     0  libshutdown.o(.ARM.Collect$$libshutdown$$00000000)
    __rt_lib_shutdown_cpp_1                  0x0800020f   Thumb Code     0  libshutdown2.o(.ARM.Collect$$libshutdown$$00000002)
    __rt_lib_shutdown_fp_trap_1              0x0800020f   Thumb Code     0  libshutdown2.o(.ARM.Collect$$libshutdown$$00000007)
    __rt_lib_shutdown_heap_1                 0x0800020f   Thumb Code     0  libshutdown2.o(.ARM.Collect$$libshutdown$$0000000F)
    __rt_lib_shutdown_return                 0x0800020f   Thumb Code     0  libshutdown2.o(.ARM.Collect$$libshutdown$$00000010)
    __rt_lib_shutdown_signal_1               0x0800020f   Thumb Code     0  libshutdown2.o(.ARM.Collect$$libshutdown$$0000000A)
    __rt_lib_shutdown_stdio_1                0x0800020f   Thumb Code     0  libshutdown2.o(.ARM.Collect$$libshutdown$$00000004)
    __rt_lib_shutdown_user_alloc_1           0x0800020f   Thumb Code     0  libshutdown2.o(.ARM.Collect$$libshutdown$$0000000C)
    __rt_entry                               0x08000211   Thumb Code     0  __rtentry.o(.ARM.Collect$$rtentry$$00000000)
    __rt_entry_presh_1                       0x08000211   Thumb Code     0  __rtentry2.o(.ARM.Collect$$rtentry$$00000002)
    __rt_entry_sh                            0x08000211   Thumb Code     0  __rtentry4.o(.ARM.Collect$$rtentry$$00000004)
    __rt_entry_li                            0x08000217   Thumb Code     0  __rtentry2.o(.ARM.Collect$$rtentry$$0000000A)
    __rt_entry_postsh_1                      0x08000217   Thumb Code     0  __rtentry2.o(.ARM.Collect$$rtentry$$00000009)
    __rt_entry_main                          0x0800021b   Thumb Code     0  __rtentry2.o(.ARM.Collect$$rtentry$$0000000D)
    __rt_entry_postli_1                      0x0800021b   Thumb Code     0  __rtentry2.o(.ARM.Collect$$rtentry$$0000000C)
    __rt_exit                                0x08000223   Thumb Code     0  rtexit.o(.ARM.Collect$$rtexit$$00000000)
    __rt_exit_ls                             0x08000225   Thumb Code     0  rtexit2.o(.ARM.Collect$$rtexit$$00000003)
    __rt_exit_prels_1                        0x08000225   Thumb Code     0  rtexit2.o(.ARM.Collect$$rtexit$$00000002)
    __rt_exit_exit                           0x08000229   Thumb Code     0  rtexit2.o(.ARM.Collect$$rtexit$$00000004)
    Reset_Handler                            0x08000231   Thumb Code     8  startup_stm32f407xx.o(.text)
    ADC_IRQHandler                           0x0800024b   Thumb Code     0  startup_stm32f407xx.o(.text)
    CAN1_RX0_IRQHandler                      0x0800024b   Thumb Code     0  startup_stm32f407xx.o(.text)
    CAN1_RX1_IRQHandler                      0x0800024b   Thumb Code     0  startup_stm32f407xx.o(.text)
    CAN1_SCE_IRQHandler                      0x0800024b   Thumb Code     0  startup_stm32f407xx.o(.text)
    CAN1_TX_IRQHandler                       0x0800024b   Thumb Code     0  startup_stm32f407xx.o(.text)
    CAN2_RX0_IRQHandler                      0x0800024b   Thumb Code     0  startup_stm32f407xx.o(.text)
    CAN2_RX1_IRQHandler                      0x0800024b   Thumb Code     0  startup_stm32f407xx.o(.text)
    CAN2_SCE_IRQHandler                      0x0800024b   Thumb Code     0  startup_stm32f407xx.o(.text)
    CAN2_TX_IRQHandler                       0x0800024b   Thumb Code     0  startup_stm32f407xx.o(.text)
    DCMI_IRQHandler                          0x0800024b   Thumb Code     0  startup_stm32f407xx.o(.text)
    DMA1_Stream0_IRQHandler                  0x0800024b   Thumb Code     0  startup_stm32f407xx.o(.text)
    DMA1_Stream1_IRQHandler                  0x0800024b   Thumb Code     0  startup_stm32f407xx.o(.text)
    DMA1_Stream2_IRQHandler                  0x0800024b   Thumb Code     0  startup_stm32f407xx.o(.text)
    DMA1_Stream3_IRQHandler                  0x0800024b   Thumb Code     0  startup_stm32f407xx.o(.text)
    DMA1_Stream4_IRQHandler                  0x0800024b   Thumb Code     0  startup_stm32f407xx.o(.text)
    DMA1_Stream5_IRQHandler                  0x0800024b   Thumb Code     0  startup_stm32f407xx.o(.text)
    DMA1_Stream6_IRQHandler                  0x0800024b   Thumb Code     0  startup_stm32f407xx.o(.text)
    DMA1_Stream7_IRQHandler                  0x0800024b   Thumb Code     0  startup_stm32f407xx.o(.text)
    DMA2_Stream0_IRQHandler                  0x0800024b   Thumb Code     0  startup_stm32f407xx.o(.text)
    DMA2_Stream1_IRQHandler                  0x0800024b   Thumb Code     0  startup_stm32f407xx.o(.text)
    DMA2_Stream2_IRQHandler                  0x0800024b   Thumb Code     0  startup_stm32f407xx.o(.text)
    DMA2_Stream3_IRQHandler                  0x0800024b   Thumb Code     0  startup_stm32f407xx.o(.text)
    DMA2_Stream4_IRQHandler                  0x0800024b   Thumb Code     0  startup_stm32f407xx.o(.text)
    DMA2_Stream5_IRQHandler                  0x0800024b   Thumb Code     0  startup_stm32f407xx.o(.text)
    DMA2_Stream6_IRQHandler                  0x0800024b   Thumb Code     0  startup_stm32f407xx.o(.text)
    DMA2_Stream7_IRQHandler                  0x0800024b   Thumb Code     0  startup_stm32f407xx.o(.text)
    ETH_IRQHandler                           0x0800024b   Thumb Code     0  startup_stm32f407xx.o(.text)
    ETH_WKUP_IRQHandler                      0x0800024b   Thumb Code     0  startup_stm32f407xx.o(.text)
    EXTI0_IRQHandler                         0x0800024b   Thumb Code     0  startup_stm32f407xx.o(.text)
    EXTI15_10_IRQHandler                     0x0800024b   Thumb Code     0  startup_stm32f407xx.o(.text)
    EXTI1_IRQHandler                         0x0800024b   Thumb Code     0  startup_stm32f407xx.o(.text)
    EXTI2_IRQHandler                         0x0800024b   Thumb Code     0  startup_stm32f407xx.o(.text)
    EXTI3_IRQHandler                         0x0800024b   Thumb Code     0  startup_stm32f407xx.o(.text)
    EXTI4_IRQHandler                         0x0800024b   Thumb Code     0  startup_stm32f407xx.o(.text)
    EXTI9_5_IRQHandler                       0x0800024b   Thumb Code     0  startup_stm32f407xx.o(.text)
    FLASH_IRQHandler                         0x0800024b   Thumb Code     0  startup_stm32f407xx.o(.text)
    FMC_IRQHandler                           0x0800024b   Thumb Code     0  startup_stm32f407xx.o(.text)
    FPU_IRQHandler                           0x0800024b   Thumb Code     0  startup_stm32f407xx.o(.text)
    HASH_RNG_IRQHandler                      0x0800024b   Thumb Code     0  startup_stm32f407xx.o(.text)
    I2C1_ER_IRQHandler                       0x0800024b   Thumb Code     0  startup_stm32f407xx.o(.text)
    I2C1_EV_IRQHandler                       0x0800024b   Thumb Code     0  startup_stm32f407xx.o(.text)
    I2C2_ER_IRQHandler                       0x0800024b   Thumb Code     0  startup_stm32f407xx.o(.text)
    I2C2_EV_IRQHandler                       0x0800024b   Thumb Code     0  startup_stm32f407xx.o(.text)
    I2C3_ER_IRQHandler                       0x0800024b   Thumb Code     0  startup_stm32f407xx.o(.text)
    I2C3_EV_IRQHandler                       0x0800024b   Thumb Code     0  startup_stm32f407xx.o(.text)
    OTG_FS_IRQHandler                        0x0800024b   Thumb Code     0  startup_stm32f407xx.o(.text)
    OTG_FS_WKUP_IRQHandler                   0x0800024b   Thumb Code     0  startup_stm32f407xx.o(.text)
    OTG_HS_EP1_IN_IRQHandler                 0x0800024b   Thumb Code     0  startup_stm32f407xx.o(.text)
    OTG_HS_EP1_OUT_IRQHandler                0x0800024b   Thumb Code     0  startup_stm32f407xx.o(.text)
    OTG_HS_IRQHandler                        0x0800024b   Thumb Code     0  startup_stm32f407xx.o(.text)
    OTG_HS_WKUP_IRQHandler                   0x0800024b   Thumb Code     0  startup_stm32f407xx.o(.text)
    PVD_IRQHandler                           0x0800024b   Thumb Code     0  startup_stm32f407xx.o(.text)
    RCC_IRQHandler                           0x0800024b   Thumb Code     0  startup_stm32f407xx.o(.text)
    RTC_Alarm_IRQHandler                     0x0800024b   Thumb Code     0  startup_stm32f407xx.o(.text)
    RTC_WKUP_IRQHandler                      0x0800024b   Thumb Code     0  startup_stm32f407xx.o(.text)
    SDIO_IRQHandler                          0x0800024b   Thumb Code     0  startup_stm32f407xx.o(.text)
    SPI2_IRQHandler                          0x0800024b   Thumb Code     0  startup_stm32f407xx.o(.text)
    SPI3_IRQHandler                          0x0800024b   Thumb Code     0  startup_stm32f407xx.o(.text)
    TAMP_STAMP_IRQHandler                    0x0800024b   Thumb Code     0  startup_stm32f407xx.o(.text)
    TIM1_BRK_TIM9_IRQHandler                 0x0800024b   Thumb Code     0  startup_stm32f407xx.o(.text)
    TIM1_CC_IRQHandler                       0x0800024b   Thumb Code     0  startup_stm32f407xx.o(.text)
    TIM1_TRG_COM_TIM11_IRQHandler            0x0800024b   Thumb Code     0  startup_stm32f407xx.o(.text)
    TIM1_UP_TIM10_IRQHandler                 0x0800024b   Thumb Code     0  startup_stm32f407xx.o(.text)
    TIM2_IRQHandler                          0x0800024b   Thumb Code     0  startup_stm32f407xx.o(.text)
    TIM3_IRQHandler                          0x0800024b   Thumb Code     0  startup_stm32f407xx.o(.text)
    TIM4_IRQHandler                          0x0800024b   Thumb Code     0  startup_stm32f407xx.o(.text)
    TIM5_IRQHandler                          0x0800024b   Thumb Code     0  startup_stm32f407xx.o(.text)
    TIM7_IRQHandler                          0x0800024b   Thumb Code     0  startup_stm32f407xx.o(.text)
    TIM8_BRK_TIM12_IRQHandler                0x0800024b   Thumb Code     0  startup_stm32f407xx.o(.text)
    TIM8_CC_IRQHandler                       0x0800024b   Thumb Code     0  startup_stm32f407xx.o(.text)
    TIM8_TRG_COM_TIM14_IRQHandler            0x0800024b   Thumb Code     0  startup_stm32f407xx.o(.text)
    TIM8_UP_TIM13_IRQHandler                 0x0800024b   Thumb Code     0  startup_stm32f407xx.o(.text)
    UART4_IRQHandler                         0x0800024b   Thumb Code     0  startup_stm32f407xx.o(.text)
    UART5_IRQHandler                         0x0800024b   Thumb Code     0  startup_stm32f407xx.o(.text)
    USART1_IRQHandler                        0x0800024b   Thumb Code     0  startup_stm32f407xx.o(.text)
    USART2_IRQHandler                        0x0800024b   Thumb Code     0  startup_stm32f407xx.o(.text)
    USART3_IRQHandler                        0x0800024b   Thumb Code     0  startup_stm32f407xx.o(.text)
    USART6_IRQHandler                        0x0800024b   Thumb Code     0  startup_stm32f407xx.o(.text)
    WWDG_IRQHandler                          0x0800024b   Thumb Code     0  startup_stm32f407xx.o(.text)
    __user_initial_stackheap                 0x0800024d   Thumb Code     0  startup_stm32f407xx.o(.text)
    malloc                                   0x08000271   Thumb Code    94  h1_alloc.o(.text)
    free                                     0x080002cf   Thumb Code    78  h1_free.o(.text)
    __aeabi_uldivmod                         0x0800031d   Thumb Code     0  lludivv7m.o(.text)
    _ll_udiv                                 0x0800031d   Thumb Code   240  lludivv7m.o(.text)
    __aeabi_memcpy                           0x0800040d   Thumb Code     0  rt_memcpy_v6.o(.text)
    __rt_memcpy                              0x0800040d   Thumb Code   138  rt_memcpy_v6.o(.text)
    _memcpy_lastbytes                        0x08000473   Thumb Code     0  rt_memcpy_v6.o(.text)
    __aeabi_memset4                          0x08000497   Thumb Code    16  aeabi_memset4.o(.text)
    __aeabi_memset8                          0x08000497   Thumb Code     0  aeabi_memset4.o(.text)
    __aeabi_memclr                           0x080004a7   Thumb Code     0  rt_memclr.o(.text)
    __rt_memclr                              0x080004a7   Thumb Code     0  rt_memclr.o(.text)
    _memset                                  0x080004ab   Thumb Code    64  rt_memclr.o(.text)
    __aeabi_memclr4                          0x080004eb   Thumb Code     0  rt_memclr_w.o(.text)
    __aeabi_memclr8                          0x080004eb   Thumb Code     0  rt_memclr_w.o(.text)
    __rt_memclr_w                            0x080004eb   Thumb Code     0  rt_memclr_w.o(.text)
    _memset_w                                0x080004ef   Thumb Code    74  rt_memclr_w.o(.text)
    __use_two_region_memory                  0x08000539   Thumb Code     2  heapauxi.o(.text)
    __rt_heap_escrow                         0x0800053b   Thumb Code     2  heapauxi.o(.text)
    __rt_heap_expand                         0x0800053d   Thumb Code     2  heapauxi.o(.text)
    __rt_heap_descriptor                     0x08000541   Thumb Code     8  rt_heap_descriptor_intlibspace.o(.text)
    __use_no_heap                            0x08000549   Thumb Code     2  hguard.o(.text)
    __heap$guard                             0x0800054b   Thumb Code     2  hguard.o(.text)
    _terminate_user_alloc                    0x0800054d   Thumb Code     2  init_alloc.o(.text)
    _init_user_alloc                         0x0800054f   Thumb Code     2  init_alloc.o(.text)
    __Heap_Full                              0x08000551   Thumb Code    34  init_alloc.o(.text)
    __Heap_Broken                            0x08000573   Thumb Code     6  init_alloc.o(.text)
    _init_alloc                              0x08000579   Thumb Code    94  init_alloc.o(.text)
    __Heap_Initialize                        0x080005d7   Thumb Code    10  h1_init.o(.text)
    __Heap_DescSize                          0x080005e1   Thumb Code     4  h1_init.o(.text)
    __aeabi_memcpy4                          0x080005e5   Thumb Code     0  rt_memcpy_w.o(.text)
    __aeabi_memcpy8                          0x080005e5   Thumb Code     0  rt_memcpy_w.o(.text)
    __rt_memcpy_w                            0x080005e5   Thumb Code   100  rt_memcpy_w.o(.text)
    _memcpy_lastbytes_aligned                0x0800062d   Thumb Code     0  rt_memcpy_w.o(.text)
    __user_libspace                          0x08000649   Thumb Code     8  libspace.o(.text)
    __user_perproc_libspace                  0x08000649   Thumb Code     0  libspace.o(.text)
    __user_perthread_libspace                0x08000649   Thumb Code     0  libspace.o(.text)
    __Heap_ProvideMemory                     0x08000651   Thumb Code    52  h1_extend.o(.text)
    _maybe_terminate_alloc                   0x08000651   Thumb Code     0  maybetermalloc1.o(.text)
    __rt_SIGRTMEM                            0x08000685   Thumb Code    14  defsig_rtmem_outer.o(.text)
    __I$use$semihosting                      0x08000693   Thumb Code     0  use_no_semi.o(.text)
    __use_no_semihosting_swi                 0x08000693   Thumb Code     2  use_no_semi.o(.text)
    __semihosting_library_function           0x08000695   Thumb Code     0  indicate_semi.o(.text)
    __user_setup_stackheap                   0x08000695   Thumb Code    74  sys_stackheap_outer.o(.text)
    exit                                     0x080006df   Thumb Code    18  exit.o(.text)
    __sig_exit                               0x080006f1   Thumb Code    10  defsig_exit.o(.text)
    __rt_SIGRTMEM_inner                      0x080006fd   Thumb Code    22  defsig_rtmem_inner.o(.text)
    _sys_exit                                0x0800074d   Thumb Code     8  sys_exit.o(.text)
    __default_signal_display                 0x08000759   Thumb Code    50  defsig_general.o(.text)
    _ttywrch                                 0x0800078b   Thumb Code    14  sys_wrch.o(.text)
    BSP_SD_GetCardInfo                       0x08000799   Thumb Code  1950  fatfs_user_sd.o(.text.BSP_SD_GetCardInfo)
    BSP_SD_GetCardState                      0x08000f39   Thumb Code    88  fatfs_user_sd.o(.text.BSP_SD_GetCardState)
    BSP_SD_Init                              0x08000f91   Thumb Code   718  fatfs_user_sd.o(.text.BSP_SD_Init)
    BSP_SD_ReadBlocks                        0x08001261   Thumb Code   496  fatfs_user_sd.o(.text.BSP_SD_ReadBlocks)
    BSP_SD_WriteBlocks                       0x08001451   Thumb Code   594  fatfs_user_sd.o(.text.BSP_SD_WriteBlocks)
    BusFault_Handler                         0x080016a5   Thumb Code     2  stm32f4xx_it.o(.text.BusFault_Handler)
    DebugMon_Handler                         0x080016a9   Thumb Code     2  stm32f4xx_it.o(.text.DebugMon_Handler)
    FATFS_LinkDriver                         0x080016ad   Thumb Code    76  ff_gen_drv.o(.text.FATFS_LinkDriver)
    FSMC_NORSRAM_Extended_Timing_Init        0x080016f9   Thumb Code    76  stm32f4xx_ll_fsmc.o(.text.FSMC_NORSRAM_Extended_Timing_Init)
    FSMC_NORSRAM_Init                        0x08001745   Thumb Code   134  stm32f4xx_ll_fsmc.o(.text.FSMC_NORSRAM_Init)
    FSMC_NORSRAM_Timing_Init                 0x080017cd   Thumb Code    68  stm32f4xx_ll_fsmc.o(.text.FSMC_NORSRAM_Timing_Init)
    HAL_DMA_Abort_IT                         0x08001811   Thumb Code    36  stm32f4xx_hal_dma.o(.text.HAL_DMA_Abort_IT)
    HAL_Delay                                0x08001835   Thumb Code    40  stm32f4xx_hal.o(.text.HAL_Delay)
    HAL_GPIO_Init                            0x0800185d   Thumb Code   442  stm32f4xx_hal_gpio.o(.text.HAL_GPIO_Init)
    HAL_GPIO_ReadPin                         0x08001a19   Thumb Code    10  stm32f4xx_hal_gpio.o(.text.HAL_GPIO_ReadPin)
    HAL_GPIO_WritePin                        0x08001a25   Thumb Code    10  stm32f4xx_hal_gpio.o(.text.HAL_GPIO_WritePin)
    HAL_GetTick                              0x08001a31   Thumb Code    12  stm32f4xx_hal.o(.text.HAL_GetTick)
    HAL_IncTick                              0x08001a3d   Thumb Code    26  stm32f4xx_hal.o(.text.HAL_IncTick)
    HAL_Init                                 0x08001a59   Thumb Code    54  stm32f4xx_hal.o(.text.HAL_Init)
    HAL_InitTick                             0x08001a91   Thumb Code   188  stm32f4xx_hal_timebase_tim.o(.text.HAL_InitTick)
    HAL_MspInit                              0x08001b4d   Thumb Code    66  stm32f4xx_hal_msp.o(.text.HAL_MspInit)
    HAL_NVIC_EnableIRQ                       0x08001b91   Thumb Code    32  stm32f4xx_hal_cortex.o(.text.HAL_NVIC_EnableIRQ)
    HAL_NVIC_SetPriority                     0x08001bb1   Thumb Code    86  stm32f4xx_hal_cortex.o(.text.HAL_NVIC_SetPriority)
    HAL_NVIC_SetPriorityGrouping             0x08001c09   Thumb Code    32  stm32f4xx_hal_cortex.o(.text.HAL_NVIC_SetPriorityGrouping)
    HAL_RCC_ClockConfig                      0x08001c29   Thumb Code   352  stm32f4xx_hal_rcc.o(.text.HAL_RCC_ClockConfig)
    HAL_RCC_GetClockConfig                   0x08001d89   Thumb Code    62  stm32f4xx_hal_rcc.o(.text.HAL_RCC_GetClockConfig)
    HAL_RCC_GetPCLK1Freq                     0x08001dc9   Thumb Code    38  stm32f4xx_hal_rcc.o(.text.HAL_RCC_GetPCLK1Freq)
    HAL_RCC_GetPCLK2Freq                     0x08001df1   Thumb Code    38  stm32f4xx_hal_rcc.o(.text.HAL_RCC_GetPCLK2Freq)
    HAL_RCC_GetSysClockFreq                  0x08001e19   Thumb Code   108  stm32f4xx_hal_rcc.o(.text.HAL_RCC_GetSysClockFreq)
    HAL_RCC_OscConfig                        0x08001e85   Thumb Code   888  stm32f4xx_hal_rcc.o(.text.HAL_RCC_OscConfig)
    HAL_SPI_ErrorCallback                    0x080021fd   Thumb Code     2  stm32f4xx_hal_spi.o(.text.HAL_SPI_ErrorCallback)
    HAL_SPI_IRQHandler                       0x08002201   Thumb Code   300  stm32f4xx_hal_spi.o(.text.HAL_SPI_IRQHandler)
    HAL_SPI_Init                             0x0800232d   Thumb Code   180  stm32f4xx_hal_spi.o(.text.HAL_SPI_Init)
    HAL_SPI_MspInit                          0x080023e1   Thumb Code   122  stm32f4xx_hal_msp.o(.text.HAL_SPI_MspInit)
    HAL_SPI_TransmitReceive                  0x0800245d   Thumb Code   792  stm32f4xx_hal_spi.o(.text.HAL_SPI_TransmitReceive)
    HAL_SRAM_Init                            0x08002775   Thumb Code    92  stm32f4xx_hal_sram.o(.text.HAL_SRAM_Init)
    HAL_SRAM_MspInit                         0x080027d1   Thumb Code   152  stm32f4xx_hal_msp.o(.text.HAL_SRAM_MspInit)
    HAL_TIMEx_BreakCallback                  0x08002869   Thumb Code     2  stm32f4xx_hal_tim_ex.o(.text.HAL_TIMEx_BreakCallback)
    HAL_TIMEx_CommutCallback                 0x0800286d   Thumb Code     2  stm32f4xx_hal_tim_ex.o(.text.HAL_TIMEx_CommutCallback)
    HAL_TIM_Base_Init                        0x08002871   Thumb Code    90  stm32f4xx_hal_tim.o(.text.HAL_TIM_Base_Init)
    HAL_TIM_Base_MspInit                     0x080028cd   Thumb Code     2  stm32f4xx_hal_tim.o(.text.HAL_TIM_Base_MspInit)
    HAL_TIM_Base_Start_IT                    0x080028d1   Thumb Code   170  stm32f4xx_hal_tim.o(.text.HAL_TIM_Base_Start_IT)
    HAL_TIM_IC_CaptureCallback               0x0800297d   Thumb Code     2  stm32f4xx_hal_tim.o(.text.HAL_TIM_IC_CaptureCallback)
    HAL_TIM_IRQHandler                       0x08002981   Thumb Code   368  stm32f4xx_hal_tim.o(.text.HAL_TIM_IRQHandler)
    HAL_TIM_OC_DelayElapsedCallback          0x08002af1   Thumb Code     2  stm32f4xx_hal_tim.o(.text.HAL_TIM_OC_DelayElapsedCallback)
    HAL_TIM_PWM_PulseFinishedCallback        0x08002af5   Thumb Code     2  stm32f4xx_hal_tim.o(.text.HAL_TIM_PWM_PulseFinishedCallback)
    HAL_TIM_PeriodElapsedCallback            0x08002af9   Thumb Code    20  main.o(.text.HAL_TIM_PeriodElapsedCallback)
    HAL_TIM_TriggerCallback                  0x08002b0d   Thumb Code     2  stm32f4xx_hal_tim.o(.text.HAL_TIM_TriggerCallback)
    HAL_UART_Init                            0x08002b11   Thumb Code    94  stm32f4xx_hal_uart.o(.text.HAL_UART_Init)
    HAL_UART_MspInit                         0x08002b71   Thumb Code   104  stm32f4xx_hal_msp.o(.text.HAL_UART_MspInit)
    HardFault_Handler                        0x08002bd9   Thumb Code     2  stm32f4xx_it.o(.text.HardFault_Handler)
    KEYPAD_INT_Read                          0x08002bdd   Thumb Code   552  keypad.o(.text.KEYPAD_INT_Read)
    KEYPAD_Init                              0x08002e05   Thumb Code    72  keypad.o(.text.KEYPAD_Init)
    KEYPAD_Read                              0x08002e4d   Thumb Code    16  keypad.o(.text.KEYPAD_Read)
    KEYPAD_Update                            0x08002e5d   Thumb Code    50  keypad.o(.text.KEYPAD_Update)
    LCD_Circle_Helper                        0x08002e91   Thumb Code  1106  ssd1963_fsmc.o(.text.LCD_Circle_Helper)
    LCD_Line                                 0x080032e5   Thumb Code   458  ssd1963_fsmc.o(.text.LCD_Line)
    LCD_Rect_Fill                            0x080034b1   Thumb Code   172  ssd1963_fsmc.o(.text.LCD_Rect_Fill)
    LCD_Rect_Round                           0x0800355d   Thumb Code   252  ssd1963_fsmc.o(.text.LCD_Rect_Round)
    MX_FATFS_Init                            0x08003659   Thumb Code    28  fatfs.o(.text.MX_FATFS_Init)
    MemManage_Handler                        0x08003675   Thumb Code     2  stm32f4xx_it.o(.text.MemManage_Handler)
    NMI_Handler                              0x08003679   Thumb Code     2  stm32f4xx_it.o(.text.NMI_Handler)
    PendSV_Handler                           0x08003681   Thumb Code   100  port.o(.text.PendSV_Handler)
    SD_IO_WriteByte                          0x080036e5   Thumb Code    46  fatfs_user_sd.o(.text.SD_IO_WriteByte)
    SPI1_IRQHandler                          0x08003d95   Thumb Code    12  stm32f4xx_it.o(.text.SPI1_IRQHandler)
    SVC_Handler                              0x08003e91   Thumb Code    36  port.o(.text.SVC_Handler)
    StartLCDTask                             0x08003eb5   Thumb Code    68  main.o(.text.StartLCDTask)
    SysTick_Handler                          0x08003ef9   Thumb Code    30  cmsis_os2.o(.text.SysTick_Handler)
    SystemClock_Config                       0x08003f19   Thumb Code   176  main.o(.text.SystemClock_Config)
    SystemInit                               0x08003fc9   Thumb Code    18  system_stm32f4xx.o(.text.SystemInit)
    TIM6_DAC_IRQHandler                      0x08003fdd   Thumb Code    12  stm32f4xx_it.o(.text.TIM6_DAC_IRQHandler)
    TIM_Base_SetConfig                       0x08003fe9   Thumb Code   316  stm32f4xx_hal_tim.o(.text.TIM_Base_SetConfig)
    USER_initialize                          0x08004209   Thumb Code    56  user_diskio.o(.text.USER_initialize)
    USER_ioctl                               0x08004241   Thumb Code    98  user_diskio.o(.text.USER_ioctl)
    USER_read                                0x080042a5   Thumb Code    44  user_diskio.o(.text.USER_read)
    USER_status                              0x080042d1   Thumb Code    36  user_diskio.o(.text.USER_status)
    USER_write                               0x080042f5   Thumb Code    44  user_diskio.o(.text.USER_write)
    UsageFault_Handler                       0x08004321   Thumb Code     2  stm32f4xx_it.o(.text.UsageFault_Handler)
    disk_initialize                          0x08005589   Thumb Code    36  diskio.o(.text.disk_initialize)
    disk_ioctl                               0x080055ad   Thumb Code    22  diskio.o(.text.disk_ioctl)
    disk_read                                0x080055c5   Thumb Code    32  diskio.o(.text.disk_read)
    disk_status                              0x080055e5   Thumb Code    22  diskio.o(.text.disk_status)
    disk_write                               0x080055fd   Thumb Code    32  diskio.o(.text.disk_write)
    f_mkfs                                   0x0800561d   Thumb Code  2098  ff.o(.text.f_mkfs)
    f_mount                                  0x08005e51   Thumb Code   304  ff.o(.text.f_mount)
    f_open                                   0x08005f81   Thumb Code  1172  ff.o(.text.f_open)
    f_write                                  0x08006415   Thumb Code   916  ff.o(.text.f_write)
    ff_convert                               0x080067a9   Thumb Code   306  ccsbcs.o(.text.ff_convert)
    ff_cre_syncobj                           0x080068dd   Thumb Code    24  syscall.o(.text.ff_cre_syncobj)
    ff_del_syncobj                           0x080068f5   Thumb Code    10  syscall.o(.text.ff_del_syncobj)
    ff_rel_grant                             0x08006901   Thumb Code     4  syscall.o(.text.ff_rel_grant)
    ff_req_grant                             0x08006905   Thumb Code    18  syscall.o(.text.ff_req_grant)
    ff_wtoupper                              0x08006919   Thumb Code   208  ccsbcs.o(.text.ff_wtoupper)
    get_fattime                              0x080076c5   Thumb Code     4  fatfs.o(.text.get_fattime)
    main                                     0x080076c9   Thumb Code   960  main.o(.text.main)
    osDelay                                  0x08007b4d   Thumb Code    32  cmsis_os2.o(.text.osDelay)
    osKernelInitialize                       0x08007b6d   Thumb Code    40  cmsis_os2.o(.text.osKernelInitialize)
    osKernelStart                            0x08007b95   Thumb Code    60  cmsis_os2.o(.text.osKernelStart)
    osMessageQueueGet                        0x08007bd1   Thumb Code   136  cmsis_os2.o(.text.osMessageQueueGet)
    osMessageQueueNew                        0x08007c59   Thumb Code   148  cmsis_os2.o(.text.osMessageQueueNew)
    osMessageQueuePut                        0x08007ced   Thumb Code   168  cmsis_os2.o(.text.osMessageQueuePut)
    osSemaphoreAcquire                       0x08007d95   Thumb Code   108  cmsis_os2.o(.text.osSemaphoreAcquire)
    osSemaphoreDelete                        0x08007e01   Thumb Code    42  cmsis_os2.o(.text.osSemaphoreDelete)
    osSemaphoreNew                           0x08007e2d   Thumb Code   184  cmsis_os2.o(.text.osSemaphoreNew)
    osSemaphoreRelease                       0x08007ee5   Thumb Code   100  cmsis_os2.o(.text.osSemaphoreRelease)
    osThreadNew                              0x08007f49   Thumb Code   156  cmsis_os2.o(.text.osThreadNew)
    pvPortMalloc                             0x08008995   Thumb Code   522  heap_4.o(.text.pvPortMalloc)
    pvTaskIncrementMutexHeldCount            0x08008ba1   Thumb Code    24  tasks.o(.text.pvTaskIncrementMutexHeldCount)
    pxPortInitialiseStack                    0x08008bb9   Thumb Code    40  port.o(.text.pxPortInitialiseStack)
    selectIcon                               0x08008be1   Thumb Code   542  ssd1963_fsmc.o(.text.selectIcon)
    ssd196xMainScreen                        0x08008e01   Thumb Code  1786  ssd1963_fsmc.o(.text.ssd196xMainScreen)
    startKeypadTask                          0x080094fd   Thumb Code    64  main.o(.text.startKeypadTask)
    uxListRemove                             0x080095ad   Thumb Code    36  list.o(.text.uxListRemove)
    vApplicationGetIdleTaskMemory            0x080095d1   Thumb Code    26  cmsis_os2.o(.text.vApplicationGetIdleTaskMemory)
    vApplicationGetTimerTaskMemory           0x080095ed   Thumb Code    28  cmsis_os2.o(.text.vApplicationGetTimerTaskMemory)
    vListInitialise                          0x08009609   Thumb Code    22  list.o(.text.vListInitialise)
    vListInitialiseItem                      0x08009621   Thumb Code     6  list.o(.text.vListInitialiseItem)
    vListInsert                              0x08009629   Thumb Code    98  list.o(.text.vListInsert)
    vListInsertEnd                           0x0800968d   Thumb Code    28  list.o(.text.vListInsertEnd)
    vPortEnterCritical                       0x080096bd   Thumb Code    70  port.o(.text.vPortEnterCritical)
    vPortExitCritical                        0x08009705   Thumb Code    46  port.o(.text.vPortExitCritical)
    vPortFree                                0x08009735   Thumb Code   212  heap_4.o(.text.vPortFree)
    vPortSetupTimerInterrupt                 0x08009809   Thumb Code    52  port.o(.text.vPortSetupTimerInterrupt)
    vPortValidateInterruptPriority           0x0800983d   Thumb Code    94  port.o(.text.vPortValidateInterruptPriority)
    vQueueAddToRegistry                      0x0800989d   Thumb Code   176  queue.o(.text.vQueueAddToRegistry)
    vQueueDelete                             0x0800994d   Thumb Code   168  queue.o(.text.vQueueDelete)
    vQueueUnregisterQueue                    0x080099f5   Thumb Code   192  queue.o(.text.vQueueUnregisterQueue)
    vQueueWaitForMessageRestricted           0x08009ab5   Thumb Code    82  queue.o(.text.vQueueWaitForMessageRestricted)
    vTaskDelay                               0x08009b09   Thumb Code   128  tasks.o(.text.vTaskDelay)
    vTaskInternalSetTimeOutState             0x08009b89   Thumb Code    18  tasks.o(.text.vTaskInternalSetTimeOutState)
    vTaskMissedYield                         0x08009b9d   Thumb Code    14  tasks.o(.text.vTaskMissedYield)
    vTaskPlaceOnEventList                    0x08009bad   Thumb Code   116  tasks.o(.text.vTaskPlaceOnEventList)
    vTaskPlaceOnEventListRestricted          0x08009c21   Thumb Code   122  tasks.o(.text.vTaskPlaceOnEventListRestricted)
    vTaskPriorityDisinheritAfterTimeout      0x08009c9d   Thumb Code   162  tasks.o(.text.vTaskPriorityDisinheritAfterTimeout)
    vTaskStartScheduler                      0x08009d41   Thumb Code   232  tasks.o(.text.vTaskStartScheduler)
    vTaskSuspendAll                          0x08009e31   Thumb Code    16  tasks.o(.text.vTaskSuspendAll)
    vTaskSwitchContext                       0x08009e41   Thumb Code   188  tasks.o(.text.vTaskSwitchContext)
    xPortStartScheduler                      0x08009efd   Thumb Code   388  port.o(.text.xPortStartScheduler)
    xPortSysTickHandler                      0x0800a081   Thumb Code    46  port.o(.text.xPortSysTickHandler)
    xQueueCreateCountingSemaphore            0x0800a0b1   Thumb Code   150  queue.o(.text.xQueueCreateCountingSemaphore)
    xQueueCreateCountingSemaphoreStatic      0x0800a149   Thumb Code   194  queue.o(.text.xQueueCreateCountingSemaphoreStatic)
    xQueueGenericCreate                      0x0800a20d   Thumb Code   134  queue.o(.text.xQueueGenericCreate)
    xQueueGenericCreateStatic                0x0800a295   Thumb Code   222  queue.o(.text.xQueueGenericCreateStatic)
    xQueueGenericSend                        0x0800a375   Thumb Code   554  queue.o(.text.xQueueGenericSend)
    xQueueGenericSendFromISR                 0x0800a5a1   Thumb Code   344  queue.o(.text.xQueueGenericSendFromISR)
    xQueueGiveFromISR                        0x0800a6f9   Thumb Code   200  queue.o(.text.xQueueGiveFromISR)
    xQueueReceive                            0x0800a7c1   Thumb Code   426  queue.o(.text.xQueueReceive)
    xQueueReceiveFromISR                     0x0800a96d   Thumb Code   228  queue.o(.text.xQueueReceiveFromISR)
    xQueueSemaphoreTake                      0x0800aa51   Thumb Code   470  queue.o(.text.xQueueSemaphoreTake)
    xTaskCheckForTimeOut                     0x0800ac29   Thumb Code   162  tasks.o(.text.xTaskCheckForTimeOut)
    xTaskCreate                              0x0800accd   Thumb Code    96  tasks.o(.text.xTaskCreate)
    xTaskCreateStatic                        0x0800ad2d   Thumb Code   118  tasks.o(.text.xTaskCreateStatic)
    xTaskGetSchedulerState                   0x0800ada5   Thumb Code    30  tasks.o(.text.xTaskGetSchedulerState)
    xTaskGetTickCount                        0x0800adc5   Thumb Code    12  tasks.o(.text.xTaskGetTickCount)
    xTaskIncrementTick                       0x0800add1   Thumb Code   260  tasks.o(.text.xTaskIncrementTick)
    xTaskPriorityDisinherit                  0x0800aed5   Thumb Code   138  tasks.o(.text.xTaskPriorityDisinherit)
    xTaskPriorityInherit                     0x0800af61   Thumb Code   146  tasks.o(.text.xTaskPriorityInherit)
    xTaskRemoveFromEventList                 0x0800aff5   Thumb Code   114  tasks.o(.text.xTaskRemoveFromEventList)
    xTaskResumeAll                           0x0800b069   Thumb Code   238  tasks.o(.text.xTaskResumeAll)
    xTimerCreateTimerTask                    0x0800b159   Thumb Code   172  timers.o(.text.xTimerCreateTimerTask)
    _fp_init                                 0x0800b20d   Thumb Code    26  fpinit.o(x$fpl$fpinit)
    __fplib_config_fpu_vfp                   0x0800b225   Thumb Code     0  fpinit.o(x$fpl$fpinit)
    __fplib_config_pureend_doubles           0x0800b225   Thumb Code     0  fpinit.o(x$fpl$fpinit)
    AHBPrescTable                            0x0800b226   Data          16  system_stm32f4xx.o(.rodata.AHBPrescTable)
    APBPrescTable                            0x0800b236   Data           8  system_stm32f4xx.o(.rodata.APBPrescTable)
    LCDTask_attributes                       0x0800b2c0   Data          36  main.o(.rodata.LCDTask_attributes)
    epd_bitmap_Color_Selector                0x0800b3e4   Data       20000  ssd1963_fsmc.o(.rodata.epd_bitmap_Color_Selector)
    epd_bitmap_Contact                       0x08010204   Data       20000  ssd1963_fsmc.o(.rodata.epd_bitmap_Contact)
    epd_bitmap_Future                        0x08015024   Data       20000  ssd1963_fsmc.o(.rodata.epd_bitmap_Future)
    epd_bitmap_Gallary                       0x08019e44   Data       20000  ssd1963_fsmc.o(.rodata.epd_bitmap_Gallary)
    epd_bitmap_Hooks                         0x0801ec64   Data       20000  ssd1963_fsmc.o(.rodata.epd_bitmap_Hooks)
    epd_bitmap_Pick_Lock                     0x08023a84   Data       20000  ssd1963_fsmc.o(.rodata.epd_bitmap_Pick_Lock)
    epd_bitmap_Restore                       0x080288a4   Data       20000  ssd1963_fsmc.o(.rodata.epd_bitmap_Restore)
    epd_bitmap_Settings                      0x0802d6c4   Data       20000  ssd1963_fsmc.o(.rodata.epd_bitmap_Settings)
    epd_bitmap_Test_Pattern                  0x080324e4   Data       20000  ssd1963_fsmc.o(.rodata.epd_bitmap_Test_Pattern)
    keypadPoll_attributes                    0x08037304   Data          36  main.o(.rodata.keypadPoll_attributes)
    keypadQueue_attributes                   0x08037328   Data          24  main.o(.rodata.keypadQueue_attributes)
    Region$$Table$$Base                      0x08037614   Number         0  anon$$obj.o(Region$$Table)
    Region$$Table$$Limit                     0x08037634   Number         0  anon$$obj.o(Region$$Table)
    uwTickFreq                               0x20000000   Data           1  stm32f4xx_hal.o(.data..L_MergedGlobals)
    uwTickPrio                               0x20000004   Data           4  stm32f4xx_hal.o(.data..L_MergedGlobals)
    KEYPAD_INT_Buttons                       0x20000008   Data          16  keypad.o(.data.KEYPAD_INT_Buttons)
    SystemCoreClock                          0x2000001c   Data           4  system_stm32f4xx.o(.data.SystemCoreClock)
    USER_Driver                              0x20000020   Data          20  user_diskio.o(.data.USER_Driver)
    __libspace_start                         0x20000038   Data          96  libspace.o(.bss)
    SdStatus                                 0x20000098   Data           1  fatfs_user_sd.o(.bss..L_MergedGlobals)
    __temporary_stack_top$libspace           0x20000098   Data           0  libspace.o(.bss)
    flag_SDHC                                0x2000009a   Data           2  fatfs_user_sd.o(.bss..L_MergedGlobals)
    keypadQueueBuffer                        0x2000009c   Data           1  main.o(.bss..L_MergedGlobals)
    fresult                                  0x2000009d   Data           1  main.o(.bss..L_MergedGlobals)
    keypadQueueHandle                        0x200000a0   Data           4  main.o(.bss..L_MergedGlobals)
    LCDTaskHandle                            0x200000a4   Data           4  main.o(.bss..L_MergedGlobals)
    keypadPollHandle                         0x200000a8   Data           4  main.o(.bss..L_MergedGlobals)
    huart4                                   0x200000ac   Data          68  main.o(.bss..L_MergedGlobals)
    pxCurrentTCB                             0x200000f0   Data           4  tasks.o(.bss..L_MergedGlobals)
    retUSER                                  0x200001cc   Data           1  fatfs.o(.bss..L_MergedGlobals)
    USERPath                                 0x200001cd   Data           4  fatfs.o(.bss..L_MergedGlobals)
    KEYPAD_INT_KeypadType                    0x20000225   Data           1  keypad.o(.bss.KEYPAD_INT_KeypadType)
    MyFile                                   0x2000022c   Data         560  main.o(.bss.MyFile)
    disk                                     0x2000065c   Data          12  ff_gen_drv.o(.bss.disk)
    fs                                       0x20000668   Data         568  main.o(.bss.fs)
    hspi1                                    0x200008a0   Data          88  main.o(.bss.hspi1)
    hsram1                                   0x200008f8   Data          80  main.o(.bss.hsram1)
    htim6                                    0x20000948   Data          72  stm32f4xx_hal_timebase_tim.o(.bss.htim6)
    keypadQueueControlBlock                  0x20000990   Data          80  main.o(.bss.keypadQueueControlBlock)
    uwTick                                   0x20004b34   Data           4  stm32f4xx_hal.o(.bss.uwTick)
    xQueueRegistry                           0x200051f0   Data          64  queue.o(.bss.xQueueRegistry)



==============================================================================

Memory Map of the image

  Image Entry point : 0x08000189

  Load Region LR_IROM1 (Base: 0x08000000, Size: 0x00037670, Max: 0x00100000, ABSOLUTE)

    Execution Region ER_IROM1 (Exec base: 0x08000000, Load base: 0x08000000, Size: 0x00037634, Max: 0x00100000, ABSOLUTE)

    Exec Addr    Load Addr    Size         Type   Attr      Idx    E Section Name        Object

    0x08000000   0x08000000   0x00000188   Data   RO            3    RESET               startup_stm32f407xx.o
    0x08000188   0x08000188   0x00000008   Code   RO         2159  * !!!main             c_w.l(__main.o)
    0x08000190   0x08000190   0x00000034   Code   RO         2395    !!!scatter          c_w.l(__scatter.o)
    0x080001c4   0x080001c4   0x0000001a   Code   RO         2397    !!handler_copy      c_w.l(__scatter_copy.o)
    0x080001de   0x080001de   0x00000002   PAD
    0x080001e0   0x080001e0   0x0000001c   Code   RO         2399    !!handler_zi        c_w.l(__scatter_zi.o)
    0x080001fc   0x080001fc   0x00000002   Code   RO         2330    .ARM.Collect$$libinit$$00000000  c_w.l(libinit.o)
    0x080001fe   0x080001fe   0x00000004   Code   RO         2207    .ARM.Collect$$libinit$$00000001  c_w.l(libinit2.o)
    0x08000202   0x08000202   0x00000000   Code   RO         2210    .ARM.Collect$$libinit$$00000004  c_w.l(libinit2.o)
    0x08000202   0x08000202   0x00000000   Code   RO         2212    .ARM.Collect$$libinit$$00000006  c_w.l(libinit2.o)
    0x08000202   0x08000202   0x00000008   Code   RO         2213    .ARM.Collect$$libinit$$00000007  c_w.l(libinit2.o)
    0x0800020a   0x0800020a   0x00000000   Code   RO         2215    .ARM.Collect$$libinit$$0000000C  c_w.l(libinit2.o)
    0x0800020a   0x0800020a   0x00000000   Code   RO         2217    .ARM.Collect$$libinit$$0000000E  c_w.l(libinit2.o)
    0x0800020a   0x0800020a   0x00000000   Code   RO         2219    .ARM.Collect$$libinit$$00000010  c_w.l(libinit2.o)
    0x0800020a   0x0800020a   0x00000000   Code   RO         2222    .ARM.Collect$$libinit$$00000013  c_w.l(libinit2.o)
    0x0800020a   0x0800020a   0x00000000   Code   RO         2224    .ARM.Collect$$libinit$$00000015  c_w.l(libinit2.o)
    0x0800020a   0x0800020a   0x00000000   Code   RO         2226    .ARM.Collect$$libinit$$00000017  c_w.l(libinit2.o)
    0x0800020a   0x0800020a   0x00000000   Code   RO         2228    .ARM.Collect$$libinit$$00000019  c_w.l(libinit2.o)
    0x0800020a   0x0800020a   0x00000000   Code   RO         2230    .ARM.Collect$$libinit$$0000001B  c_w.l(libinit2.o)
    0x0800020a   0x0800020a   0x00000000   Code   RO         2232    .ARM.Collect$$libinit$$0000001D  c_w.l(libinit2.o)
    0x0800020a   0x0800020a   0x00000000   Code   RO         2234    .ARM.Collect$$libinit$$0000001F  c_w.l(libinit2.o)
    0x0800020a   0x0800020a   0x00000000   Code   RO         2236    .ARM.Collect$$libinit$$00000021  c_w.l(libinit2.o)
    0x0800020a   0x0800020a   0x00000000   Code   RO         2238    .ARM.Collect$$libinit$$00000023  c_w.l(libinit2.o)
    0x0800020a   0x0800020a   0x00000000   Code   RO         2240    .ARM.Collect$$libinit$$00000025  c_w.l(libinit2.o)
    0x0800020a   0x0800020a   0x00000000   Code   RO         2242    .ARM.Collect$$libinit$$00000027  c_w.l(libinit2.o)
    0x0800020a   0x0800020a   0x00000000   Code   RO         2246    .ARM.Collect$$libinit$$0000002E  c_w.l(libinit2.o)
    0x0800020a   0x0800020a   0x00000000   Code   RO         2248    .ARM.Collect$$libinit$$00000030  c_w.l(libinit2.o)
    0x0800020a   0x0800020a   0x00000000   Code   RO         2250    .ARM.Collect$$libinit$$00000032  c_w.l(libinit2.o)
    0x0800020a   0x0800020a   0x00000000   Code   RO         2252    .ARM.Collect$$libinit$$00000034  c_w.l(libinit2.o)
    0x0800020a   0x0800020a   0x00000002   Code   RO         2253    .ARM.Collect$$libinit$$00000035  c_w.l(libinit2.o)
    0x0800020c   0x0800020c   0x00000002   Code   RO         2392    .ARM.Collect$$libshutdown$$00000000  c_w.l(libshutdown.o)
    0x0800020e   0x0800020e   0x00000000   Code   RO         2348    .ARM.Collect$$libshutdown$$00000002  c_w.l(libshutdown2.o)
    0x0800020e   0x0800020e   0x00000000   Code   RO         2350    .ARM.Collect$$libshutdown$$00000004  c_w.l(libshutdown2.o)
    0x0800020e   0x0800020e   0x00000000   Code   RO         2353    .ARM.Collect$$libshutdown$$00000007  c_w.l(libshutdown2.o)
    0x0800020e   0x0800020e   0x00000000   Code   RO         2356    .ARM.Collect$$libshutdown$$0000000A  c_w.l(libshutdown2.o)
    0x0800020e   0x0800020e   0x00000000   Code   RO         2358    .ARM.Collect$$libshutdown$$0000000C  c_w.l(libshutdown2.o)
    0x0800020e   0x0800020e   0x00000000   Code   RO         2361    .ARM.Collect$$libshutdown$$0000000F  c_w.l(libshutdown2.o)
    0x0800020e   0x0800020e   0x00000002   Code   RO         2362    .ARM.Collect$$libshutdown$$00000010  c_w.l(libshutdown2.o)
    0x08000210   0x08000210   0x00000000   Code   RO         2175    .ARM.Collect$$rtentry$$00000000  c_w.l(__rtentry.o)
    0x08000210   0x08000210   0x00000000   Code   RO         2267    .ARM.Collect$$rtentry$$00000002  c_w.l(__rtentry2.o)
    0x08000210   0x08000210   0x00000006   Code   RO         2279    .ARM.Collect$$rtentry$$00000004  c_w.l(__rtentry4.o)
    0x08000216   0x08000216   0x00000000   Code   RO         2269    .ARM.Collect$$rtentry$$00000009  c_w.l(__rtentry2.o)
    0x08000216   0x08000216   0x00000004   Code   RO         2270    .ARM.Collect$$rtentry$$0000000A  c_w.l(__rtentry2.o)
    0x0800021a   0x0800021a   0x00000000   Code   RO         2272    .ARM.Collect$$rtentry$$0000000C  c_w.l(__rtentry2.o)
    0x0800021a   0x0800021a   0x00000008   Code   RO         2273    .ARM.Collect$$rtentry$$0000000D  c_w.l(__rtentry2.o)
    0x08000222   0x08000222   0x00000002   Code   RO         2335    .ARM.Collect$$rtexit$$00000000  c_w.l(rtexit.o)
    0x08000224   0x08000224   0x00000000   Code   RO         2368    .ARM.Collect$$rtexit$$00000002  c_w.l(rtexit2.o)
    0x08000224   0x08000224   0x00000004   Code   RO         2369    .ARM.Collect$$rtexit$$00000003  c_w.l(rtexit2.o)
    0x08000228   0x08000228   0x00000006   Code   RO         2370    .ARM.Collect$$rtexit$$00000004  c_w.l(rtexit2.o)
    0x0800022e   0x0800022e   0x00000002   PAD
    0x08000230   0x08000230   0x00000040   Code   RO            4    .text               startup_stm32f407xx.o
    0x08000270   0x08000270   0x0000005e   Code   RO         2083    .text               c_w.l(h1_alloc.o)
    0x080002ce   0x080002ce   0x0000004e   Code   RO         2085    .text               c_w.l(h1_free.o)
    0x0800031c   0x0800031c   0x000000f0   Code   RO         2141    .text               c_w.l(lludivv7m.o)
    0x0800040c   0x0800040c   0x0000008a   Code   RO         2147    .text               c_w.l(rt_memcpy_v6.o)
    0x08000496   0x08000496   0x00000010   Code   RO         2151    .text               c_w.l(aeabi_memset4.o)
    0x080004a6   0x080004a6   0x00000044   Code   RO         2153    .text               c_w.l(rt_memclr.o)
    0x080004ea   0x080004ea   0x0000004e   Code   RO         2155    .text               c_w.l(rt_memclr_w.o)
    0x08000538   0x08000538   0x00000006   Code   RO         2157    .text               c_w.l(heapauxi.o)
    0x0800053e   0x0800053e   0x00000002   PAD
    0x08000540   0x08000540   0x00000008   Code   RO         2183    .text               c_w.l(rt_heap_descriptor_intlibspace.o)
    0x08000548   0x08000548   0x00000004   Code   RO         2185    .text               c_w.l(hguard.o)
    0x0800054c   0x0800054c   0x0000008a   Code   RO         2187    .text               c_w.l(init_alloc.o)
    0x080005d6   0x080005d6   0x0000000e   Code   RO         2191    .text               c_w.l(h1_init.o)
    0x080005e4   0x080005e4   0x00000064   Code   RO         2203    .text               c_w.l(rt_memcpy_w.o)
    0x08000648   0x08000648   0x00000008   Code   RO         2263    .text               c_w.l(libspace.o)
    0x08000650   0x08000650   0x00000000   Code   RO         2285    .text               c_w.l(maybetermalloc1.o)
    0x08000650   0x08000650   0x00000034   Code   RO         2287    .text               c_w.l(h1_extend.o)
    0x08000684   0x08000684   0x0000000e   Code   RO         2291    .text               c_w.l(defsig_rtmem_outer.o)
    0x08000692   0x08000692   0x00000002   Code   RO         2302    .text               c_w.l(use_no_semi.o)
    0x08000694   0x08000694   0x00000000   Code   RO         2304    .text               c_w.l(indicate_semi.o)
    0x08000694   0x08000694   0x0000004a   Code   RO         2305    .text               c_w.l(sys_stackheap_outer.o)
    0x080006de   0x080006de   0x00000012   Code   RO         2311    .text               c_w.l(exit.o)
    0x080006f0   0x080006f0   0x0000000a   Code   RO         2313    .text               c_w.l(defsig_exit.o)
    0x080006fa   0x080006fa   0x00000002   PAD
    0x080006fc   0x080006fc   0x00000050   Code   RO         2319    .text               c_w.l(defsig_rtmem_inner.o)
    0x0800074c   0x0800074c   0x0000000c   Code   RO         2331    .text               c_w.l(sys_exit.o)
    0x08000758   0x08000758   0x00000032   Code   RO         2343    .text               c_w.l(defsig_general.o)
    0x0800078a   0x0800078a   0x0000000e   Code   RO         2363    .text               c_w.l(sys_wrch.o)
    0x08000798   0x08000798   0x0000079e   Code   RO          125    .text.BSP_SD_GetCardInfo  fatfs_user_sd.o
    0x08000f36   0x08000f36   0x00000002   PAD
    0x08000f38   0x08000f38   0x00000058   Code   RO          135    .text.BSP_SD_GetCardState  fatfs_user_sd.o
    0x08000f90   0x08000f90   0x000002ce   Code   RO          123    .text.BSP_SD_Init   fatfs_user_sd.o
    0x0800125e   0x0800125e   0x00000002   PAD
    0x08001260   0x08001260   0x000001f0   Code   RO          127    .text.BSP_SD_ReadBlocks  fatfs_user_sd.o
    0x08001450   0x08001450   0x00000252   Code   RO          131    .text.BSP_SD_WriteBlocks  fatfs_user_sd.o
    0x080016a2   0x080016a2   0x00000002   PAD
    0x080016a4   0x080016a4   0x00000002   Code   RO          222    .text.BusFault_Handler  stm32f4xx_it.o
    0x080016a6   0x080016a6   0x00000002   PAD
    0x080016a8   0x080016a8   0x00000002   Code   RO          226    .text.DebugMon_Handler  stm32f4xx_it.o
    0x080016aa   0x080016aa   0x00000002   PAD
    0x080016ac   0x080016ac   0x0000004c   Code   RO         2011    .text.FATFS_LinkDriver  ff_gen_drv.o
    0x080016f8   0x080016f8   0x0000004c   Code   RO          663    .text.FSMC_NORSRAM_Extended_Timing_Init  stm32f4xx_ll_fsmc.o
    0x08001744   0x08001744   0x00000086   Code   RO          657    .text.FSMC_NORSRAM_Init  stm32f4xx_ll_fsmc.o
    0x080017ca   0x080017ca   0x00000002   PAD
    0x080017cc   0x080017cc   0x00000044   Code   RO          661    .text.FSMC_NORSRAM_Timing_Init  stm32f4xx_ll_fsmc.o
    0x08001810   0x08001810   0x00000024   Code   RO          436    .text.HAL_DMA_Abort_IT  stm32f4xx_hal_dma.o
    0x08001834   0x08001834   0x00000028   Code   RO          587    .text.HAL_Delay     stm32f4xx_hal.o
    0x0800185c   0x0800185c   0x000001ba   Code   RO          388    .text.HAL_GPIO_Init  stm32f4xx_hal_gpio.o
    0x08001a16   0x08001a16   0x00000002   PAD
    0x08001a18   0x08001a18   0x0000000a   Code   RO          392    .text.HAL_GPIO_ReadPin  stm32f4xx_hal_gpio.o
    0x08001a22   0x08001a22   0x00000002   PAD
    0x08001a24   0x08001a24   0x0000000a   Code   RO          394    .text.HAL_GPIO_WritePin  stm32f4xx_hal_gpio.o
    0x08001a2e   0x08001a2e   0x00000002   PAD
    0x08001a30   0x08001a30   0x0000000c   Code   RO          579    .text.HAL_GetTick   stm32f4xx_hal.o
    0x08001a3c   0x08001a3c   0x0000001a   Code   RO          577    .text.HAL_IncTick   stm32f4xx_hal.o
    0x08001a56   0x08001a56   0x00000002   PAD
    0x08001a58   0x08001a58   0x00000036   Code   RO          567    .text.HAL_Init      stm32f4xx_hal.o
    0x08001a8e   0x08001a8e   0x00000002   PAD
    0x08001a90   0x08001a90   0x000000bc   Code   RO          263    .text.HAL_InitTick  stm32f4xx_hal_timebase_tim.o
    0x08001b4c   0x08001b4c   0x00000042   Code   RO          239    .text.HAL_MspInit   stm32f4xx_hal_msp.o
    0x08001b8e   0x08001b8e   0x00000002   PAD
    0x08001b90   0x08001b90   0x00000020   Code   RO          525    .text.HAL_NVIC_EnableIRQ  stm32f4xx_hal_cortex.o
    0x08001bb0   0x08001bb0   0x00000056   Code   RO          523    .text.HAL_NVIC_SetPriority  stm32f4xx_hal_cortex.o
    0x08001c06   0x08001c06   0x00000002   PAD
    0x08001c08   0x08001c08   0x00000020   Code   RO          521    .text.HAL_NVIC_SetPriorityGrouping  stm32f4xx_hal_cortex.o
    0x08001c28   0x08001c28   0x00000160   Code   RO          282    .text.HAL_RCC_ClockConfig  stm32f4xx_hal_rcc.o
    0x08001d88   0x08001d88   0x0000003e   Code   RO          300    .text.HAL_RCC_GetClockConfig  stm32f4xx_hal_rcc.o
    0x08001dc6   0x08001dc6   0x00000002   PAD
    0x08001dc8   0x08001dc8   0x00000026   Code   RO          294    .text.HAL_RCC_GetPCLK1Freq  stm32f4xx_hal_rcc.o
    0x08001dee   0x08001dee   0x00000002   PAD
    0x08001df0   0x08001df0   0x00000026   Code   RO          296    .text.HAL_RCC_GetPCLK2Freq  stm32f4xx_hal_rcc.o
    0x08001e16   0x08001e16   0x00000002   PAD
    0x08001e18   0x08001e18   0x0000006c   Code   RO          284    .text.HAL_RCC_GetSysClockFreq  stm32f4xx_hal_rcc.o
    0x08001e84   0x08001e84   0x00000378   Code   RO          280    .text.HAL_RCC_OscConfig  stm32f4xx_hal_rcc.o
    0x080021fc   0x080021fc   0x00000002   Code   RO          829    .text.HAL_SPI_ErrorCallback  stm32f4xx_hal_spi.o
    0x080021fe   0x080021fe   0x00000002   PAD
    0x08002200   0x08002200   0x0000012c   Code   RO          825    .text.HAL_SPI_IRQHandler  stm32f4xx_hal_spi.o
    0x0800232c   0x0800232c   0x000000b4   Code   RO          749    .text.HAL_SPI_Init  stm32f4xx_hal_spi.o
    0x080023e0   0x080023e0   0x0000007a   Code   RO          241    .text.HAL_SPI_MspInit  stm32f4xx_hal_msp.o
    0x0800245a   0x0800245a   0x00000002   PAD
    0x0800245c   0x0800245c   0x00000318   Code   RO          761    .text.HAL_SPI_TransmitReceive  stm32f4xx_hal_spi.o
    0x08002774   0x08002774   0x0000005c   Code   RO          701    .text.HAL_SRAM_Init  stm32f4xx_hal_sram.o
    0x080027d0   0x080027d0   0x00000098   Code   RO          249    .text.HAL_SRAM_MspInit  stm32f4xx_hal_msp.o
    0x08002868   0x08002868   0x00000002   Code   RO         1168    .text.HAL_TIMEx_BreakCallback  stm32f4xx_hal_tim_ex.o
    0x0800286a   0x0800286a   0x00000002   PAD
    0x0800286c   0x0800286c   0x00000002   Code   RO         1164    .text.HAL_TIMEx_CommutCallback  stm32f4xx_hal_tim_ex.o
    0x0800286e   0x0800286e   0x00000002   PAD
    0x08002870   0x08002870   0x0000005a   Code   RO          863    .text.HAL_TIM_Base_Init  stm32f4xx_hal_tim.o
    0x080028ca   0x080028ca   0x00000002   PAD
    0x080028cc   0x080028cc   0x00000002   Code   RO          865    .text.HAL_TIM_Base_MspInit  stm32f4xx_hal_tim.o
    0x080028ce   0x080028ce   0x00000002   PAD
    0x080028d0   0x080028d0   0x000000aa   Code   RO          877    .text.HAL_TIM_Base_Start_IT  stm32f4xx_hal_tim.o
    0x0800297a   0x0800297a   0x00000002   PAD
    0x0800297c   0x0800297c   0x00000002   Code   RO          999    .text.HAL_TIM_IC_CaptureCallback  stm32f4xx_hal_tim.o
    0x0800297e   0x0800297e   0x00000002   PAD
    0x08002980   0x08002980   0x00000170   Code   RO          997    .text.HAL_TIM_IRQHandler  stm32f4xx_hal_tim.o
    0x08002af0   0x08002af0   0x00000002   Code   RO         1001    .text.HAL_TIM_OC_DelayElapsedCallback  stm32f4xx_hal_tim.o
    0x08002af2   0x08002af2   0x00000002   PAD
    0x08002af4   0x08002af4   0x00000002   Code   RO         1003    .text.HAL_TIM_PWM_PulseFinishedCallback  stm32f4xx_hal_tim.o
    0x08002af6   0x08002af6   0x00000002   PAD
    0x08002af8   0x08002af8   0x00000014   Code   RO          184    .text.HAL_TIM_PeriodElapsedCallback  main.o
    0x08002b0c   0x08002b0c   0x00000002   Code   RO         1007    .text.HAL_TIM_TriggerCallback  stm32f4xx_hal_tim.o
    0x08002b0e   0x08002b0e   0x00000002   PAD
    0x08002b10   0x08002b10   0x0000005e   Code   RO         1182    .text.HAL_UART_Init  stm32f4xx_hal_uart.o
    0x08002b6e   0x08002b6e   0x00000002   PAD
    0x08002b70   0x08002b70   0x00000068   Code   RO          245    .text.HAL_UART_MspInit  stm32f4xx_hal_msp.o
    0x08002bd8   0x08002bd8   0x00000002   Code   RO          218    .text.HardFault_Handler  stm32f4xx_it.o
    0x08002bda   0x08002bda   0x00000002   PAD
    0x08002bdc   0x08002bdc   0x00000228   Code   RO          154    .text.KEYPAD_INT_Read  keypad.o
    0x08002e04   0x08002e04   0x00000048   Code   RO          146    .text.KEYPAD_Init   keypad.o
    0x08002e4c   0x08002e4c   0x00000010   Code   RO          150    .text.KEYPAD_Read   keypad.o
    0x08002e5c   0x08002e5c   0x00000032   Code   RO          156    .text.KEYPAD_Update  keypad.o
    0x08002e8e   0x08002e8e   0x00000002   PAD
    0x08002e90   0x08002e90   0x00000452   Code   RO           25    .text.LCD_Circle_Helper  ssd1963_fsmc.o
    0x080032e2   0x080032e2   0x00000002   PAD
    0x080032e4   0x080032e4   0x000001ca   Code   RO           15    .text.LCD_Line      ssd1963_fsmc.o
    0x080034ae   0x080034ae   0x00000002   PAD
    0x080034b0   0x080034b0   0x000000ac   Code   RO           13    .text.LCD_Rect_Fill  ssd1963_fsmc.o
    0x0800355c   0x0800355c   0x000000fc   Code   RO           27    .text.LCD_Rect_Round  ssd1963_fsmc.o
    0x08003658   0x08003658   0x0000001c   Code   RO         1887    .text.MX_FATFS_Init  fatfs.o
    0x08003674   0x08003674   0x00000002   Code   RO          220    .text.MemManage_Handler  stm32f4xx_it.o
    0x08003676   0x08003676   0x00000002   PAD
    0x08003678   0x08003678   0x00000002   Code   RO          216    .text.NMI_Handler   stm32f4xx_it.o
    0x0800367a   0x0800367a   0x00000006   PAD
    0x08003680   0x08003680   0x00000064   Code   RO         1871    .text.PendSV_Handler  port.o
    0x080036e4   0x080036e4   0x0000002e   Code   RO          121    .text.SD_IO_WriteByte  fatfs_user_sd.o
    0x08003712   0x08003712   0x00000002   PAD
    0x08003714   0x08003714   0x00000680   Code   RO          129    .text.SD_SendCmd    fatfs_user_sd.o
    0x08003d94   0x08003d94   0x0000000c   Code   RO          228    .text.SPI1_IRQHandler  stm32f4xx_it.o
    0x08003da0   0x08003da0   0x0000000c   Code   RO          827    .text.SPI_DMAAbortOnError  stm32f4xx_hal_spi.o
    0x08003dac   0x08003dac   0x000000e4   Code   RO          853    .text.SPI_WaitFlagStateUntilTimeout  stm32f4xx_hal_spi.o
    0x08003e90   0x08003e90   0x00000024   Code   RO         1855    .text.SVC_Handler   port.o
    0x08003eb4   0x08003eb4   0x00000044   Code   RO          176    .text.StartLCDTask  main.o
    0x08003ef8   0x08003ef8   0x0000001e   Code   RO         1666    .text.SysTick_Handler  cmsis_os2.o
    0x08003f16   0x08003f16   0x00000002   PAD
    0x08003f18   0x08003f18   0x000000b0   Code   RO          174    .text.SystemClock_Config  main.o
    0x08003fc8   0x08003fc8   0x00000012   Code   RO         1302    .text.SystemInit    system_stm32f4xx.o
    0x08003fda   0x08003fda   0x00000002   PAD
    0x08003fdc   0x08003fdc   0x0000000c   Code   RO          230    .text.TIM6_DAC_IRQHandler  stm32f4xx_it.o
    0x08003fe8   0x08003fe8   0x0000013c   Code   RO          867    .text.TIM_Base_SetConfig  stm32f4xx_hal_tim.o
    0x08004124   0x08004124   0x000000e2   Code   RO         1186    .text.UART_SetConfig  stm32f4xx_hal_uart.o
    0x08004206   0x08004206   0x00000002   PAD
    0x08004208   0x08004208   0x00000038   Code   RO         2058    .text.USER_initialize  user_diskio.o
    0x08004240   0x08004240   0x00000062   Code   RO         2066    .text.USER_ioctl    user_diskio.o
    0x080042a2   0x080042a2   0x00000002   PAD
    0x080042a4   0x080042a4   0x0000002c   Code   RO         2062    .text.USER_read     user_diskio.o
    0x080042d0   0x080042d0   0x00000024   Code   RO         2060    .text.USER_status   user_diskio.o
    0x080042f4   0x080042f4   0x0000002c   Code   RO         2064    .text.USER_write    user_diskio.o
    0x08004320   0x08004320   0x00000002   Code   RO          224    .text.UsageFault_Handler  stm32f4xx_it.o
    0x08004322   0x08004322   0x00000002   PAD
    0x08004324   0x08004324   0x0000011a   Code   RO         1943    .text.create_chain  ff.o
    0x0800443e   0x0800443e   0x00000002   PAD
    0x08004440   0x08004440   0x00000688   Code   RO         1993    .text.dir_find      ff.o
    0x08004ac8   0x08004ac8   0x00000174   Code   RO         1965    .text.dir_next      ff.o
    0x08004c3c   0x08004c3c   0x00000894   Code   RO         1929    .text.dir_register  ff.o
    0x080054d0   0x080054d0   0x000000b6   Code   RO         1955    .text.dir_sdi       ff.o
    0x08005586   0x08005586   0x00000002   PAD
    0x08005588   0x08005588   0x00000024   Code   RO         1903    .text.disk_initialize  diskio.o
    0x080055ac   0x080055ac   0x00000016   Code   RO         1909    .text.disk_ioctl    diskio.o
    0x080055c2   0x080055c2   0x00000002   PAD
    0x080055c4   0x080055c4   0x00000020   Code   RO         1905    .text.disk_read     diskio.o
    0x080055e4   0x080055e4   0x00000016   Code   RO         1901    .text.disk_status   diskio.o
    0x080055fa   0x080055fa   0x00000002   PAD
    0x080055fc   0x080055fc   0x00000020   Code   RO         1907    .text.disk_write    diskio.o
    0x0800561c   0x0800561c   0x00000832   Code   RO         1983    .text.f_mkfs        ff.o
    0x08005e4e   0x08005e4e   0x00000002   PAD
    0x08005e50   0x08005e50   0x00000130   Code   RO         1921    .text.f_mount       ff.o
    0x08005f80   0x08005f80   0x00000494   Code   RO         1925    .text.f_open        ff.o
    0x08006414   0x08006414   0x00000394   Code   RO         1941    .text.f_write       ff.o
    0x080067a8   0x080067a8   0x00000132   Code   RO         2044    .text.ff_convert    ccsbcs.o
    0x080068da   0x080068da   0x00000002   PAD
    0x080068dc   0x080068dc   0x00000018   Code   RO         2028    .text.ff_cre_syncobj  syscall.o
    0x080068f4   0x080068f4   0x0000000a   Code   RO         2030    .text.ff_del_syncobj  syscall.o
    0x080068fe   0x080068fe   0x00000002   PAD
    0x08006900   0x08006900   0x00000004   Code   RO         2034    .text.ff_rel_grant  syscall.o
    0x08006904   0x08006904   0x00000012   Code   RO         2032    .text.ff_req_grant  syscall.o
    0x08006916   0x08006916   0x00000002   PAD
    0x08006918   0x08006918   0x000000d0   Code   RO         2046    .text.ff_wtoupper   ccsbcs.o
    0x080069e8   0x080069e8   0x00000532   Code   RO         1923    .text.find_volume   ff.o
    0x08006f1a   0x08006f1a   0x00000002   PAD
    0x08006f1c   0x08006f1c   0x000006d8   Code   RO         1927    .text.follow_path   ff.o
    0x080075f4   0x080075f4   0x000000d0   Code   RO         1937    .text.get_fat       ff.o
    0x080076c4   0x080076c4   0x00000004   Code   RO         1889    .text.get_fattime   fatfs.o
    0x080076c8   0x080076c8   0x000003f0   Code   RO          172    .text.main          main.o
    0x08007ab8   0x08007ab8   0x00000094   Code   RO         1933    .text.move_window   ff.o
    0x08007b4c   0x08007b4c   0x00000020   Code   RO         1726    .text.osDelay       cmsis_os2.o
    0x08007b6c   0x08007b6c   0x00000028   Code   RO         1668    .text.osKernelInitialize  cmsis_os2.o
    0x08007b94   0x08007b94   0x0000003c   Code   RO         1674    .text.osKernelStart  cmsis_os2.o
    0x08007bd0   0x08007bd0   0x00000088   Code   RO         1780    .text.osMessageQueueGet  cmsis_os2.o
    0x08007c58   0x08007c58   0x00000094   Code   RO         1776    .text.osMessageQueueNew  cmsis_os2.o
    0x08007cec   0x08007cec   0x000000a8   Code   RO         1778    .text.osMessageQueuePut  cmsis_os2.o
    0x08007d94   0x08007d94   0x0000006c   Code   RO         1768    .text.osSemaphoreAcquire  cmsis_os2.o
    0x08007e00   0x08007e00   0x0000002a   Code   RO         1774    .text.osSemaphoreDelete  cmsis_os2.o
    0x08007e2a   0x08007e2a   0x00000002   PAD
    0x08007e2c   0x08007e2c   0x000000b8   Code   RO         1766    .text.osSemaphoreNew  cmsis_os2.o
    0x08007ee4   0x08007ee4   0x00000064   Code   RO         1770    .text.osSemaphoreRelease  cmsis_os2.o
    0x08007f48   0x08007f48   0x0000009c   Code   RO         1690    .text.osThreadNew   cmsis_os2.o
    0x08007fe4   0x08007fe4   0x0000028a   Code   RO         1501    .text.prvAddNewTaskToReadyList  tasks.o
    0x0800826e   0x0800826e   0x00000002   PAD
    0x08008270   0x08008270   0x00000086   Code   RO         1533    .text.prvIdleTask   tasks.o
    0x080082f6   0x080082f6   0x00000002   PAD
    0x080082f8   0x080082f8   0x00000128   Code   RO         1499    .text.prvInitialiseNewTask  tasks.o
    0x08008420   0x08008420   0x00000028   Code   RO         1863    .text.prvPortStartFirstTask  port.o
    0x08008448   0x08008448   0x0000003e   Code   RO         1853    .text.prvTaskExitError  port.o
    0x08008486   0x08008486   0x00000002   PAD
    0x08008488   0x08008488   0x0000038a   Code   RO         1618    .text.prvTimerTask  timers.o
    0x08008812   0x08008812   0x00000002   PAD
    0x08008814   0x08008814   0x00000074   Code   RO         1398    .text.prvUnlockQueue  queue.o
    0x08008888   0x08008888   0x0000010c   Code   RO         1997    .text.put_fat       ff.o
    0x08008994   0x08008994   0x0000020a   Code   RO         1829    .text.pvPortMalloc  heap_4.o
    0x08008b9e   0x08008b9e   0x00000002   PAD
    0x08008ba0   0x08008ba0   0x00000018   Code   RO         1589    .text.pvTaskIncrementMutexHeldCount  tasks.o
    0x08008bb8   0x08008bb8   0x00000028   Code   RO         1851    .text.pxPortInitialiseStack  port.o
    0x08008be0   0x08008be0   0x0000021e   Code   RO           47    .text.selectIcon    ssd1963_fsmc.o
    0x08008dfe   0x08008dfe   0x00000002   PAD
    0x08008e00   0x08008e00   0x000006fa   Code   RO           45    .text.ssd196xMainScreen  ssd1963_fsmc.o
    0x080094fa   0x080094fa   0x00000002   PAD
    0x080094fc   0x080094fc   0x00000040   Code   RO          178    .text.startKeypadTask  main.o
    0x0800953c   0x0800953c   0x0000006e   Code   RO         1979    .text.sync_window   ff.o
    0x080095aa   0x080095aa   0x00000002   PAD
    0x080095ac   0x080095ac   0x00000024   Code   RO         1362    .text.uxListRemove  list.o
    0x080095d0   0x080095d0   0x0000001a   Code   RO         1812    .text.vApplicationGetIdleTaskMemory  cmsis_os2.o
    0x080095ea   0x080095ea   0x00000002   PAD
    0x080095ec   0x080095ec   0x0000001c   Code   RO         1814    .text.vApplicationGetTimerTaskMemory  cmsis_os2.o
    0x08009608   0x08009608   0x00000016   Code   RO         1354    .text.vListInitialise  list.o
    0x0800961e   0x0800961e   0x00000002   PAD
    0x08009620   0x08009620   0x00000006   Code   RO         1356    .text.vListInitialiseItem  list.o
    0x08009626   0x08009626   0x00000002   PAD
    0x08009628   0x08009628   0x00000062   Code   RO         1360    .text.vListInsert   list.o
    0x0800968a   0x0800968a   0x00000002   PAD
    0x0800968c   0x0800968c   0x0000001c   Code   RO         1358    .text.vListInsertEnd  list.o
    0x080096a8   0x080096a8   0x00000014   Code   RO         1861    .text.vPortEnableVFP  port.o
    0x080096bc   0x080096bc   0x00000046   Code   RO         1867    .text.vPortEnterCritical  port.o
    0x08009702   0x08009702   0x00000002   PAD
    0x08009704   0x08009704   0x0000002e   Code   RO         1869    .text.vPortExitCritical  port.o
    0x08009732   0x08009732   0x00000002   PAD
    0x08009734   0x08009734   0x000000d4   Code   RO         1831    .text.vPortFree     heap_4.o
    0x08009808   0x08009808   0x00000034   Code   RO         1859    .text.vPortSetupTimerInterrupt  port.o
    0x0800983c   0x0800983c   0x0000005e   Code   RO         1875    .text.vPortValidateInterruptPriority  port.o
    0x0800989a   0x0800989a   0x00000002   PAD
    0x0800989c   0x0800989c   0x000000b0   Code   RO         1432    .text.vQueueAddToRegistry  queue.o
    0x0800994c   0x0800994c   0x000000a8   Code   RO         1418    .text.vQueueDelete  queue.o
    0x080099f4   0x080099f4   0x000000c0   Code   RO         1420    .text.vQueueUnregisterQueue  queue.o
    0x08009ab4   0x08009ab4   0x00000052   Code   RO         1436    .text.vQueueWaitForMessageRestricted  queue.o
    0x08009b06   0x08009b06   0x00000002   PAD
    0x08009b08   0x08009b08   0x00000080   Code   RO         1513    .text.vTaskDelay    tasks.o
    0x08009b88   0x08009b88   0x00000012   Code   RO         1563    .text.vTaskInternalSetTimeOutState  tasks.o
    0x08009b9a   0x08009b9a   0x00000002   PAD
    0x08009b9c   0x08009b9c   0x0000000e   Code   RO         1567    .text.vTaskMissedYield  tasks.o
    0x08009baa   0x08009baa   0x00000002   PAD
    0x08009bac   0x08009bac   0x00000074   Code   RO         1551    .text.vTaskPlaceOnEventList  tasks.o
    0x08009c20   0x08009c20   0x0000007a   Code   RO         1555    .text.vTaskPlaceOnEventListRestricted  tasks.o
    0x08009c9a   0x08009c9a   0x00000002   PAD
    0x08009c9c   0x08009c9c   0x000000a2   Code   RO         1585    .text.vTaskPriorityDisinheritAfterTimeout  tasks.o
    0x08009d3e   0x08009d3e   0x00000002   PAD
    0x08009d40   0x08009d40   0x000000f0   Code   RO         1531    .text.vTaskStartScheduler  tasks.o
    0x08009e30   0x08009e30   0x00000010   Code   RO         1509    .text.vTaskSuspendAll  tasks.o
    0x08009e40   0x08009e40   0x000000bc   Code   RO         1525    .text.vTaskSwitchContext  tasks.o
    0x08009efc   0x08009efc   0x00000184   Code   RO         1857    .text.xPortStartScheduler  port.o
    0x0800a080   0x0800a080   0x0000002e   Code   RO         1873    .text.xPortSysTickHandler  port.o
    0x0800a0ae   0x0800a0ae   0x00000002   PAD
    0x0800a0b0   0x0800a0b0   0x00000096   Code   RO         1396    .text.xQueueCreateCountingSemaphore  queue.o
    0x0800a146   0x0800a146   0x00000002   PAD
    0x0800a148   0x0800a148   0x000000c2   Code   RO         1394    .text.xQueueCreateCountingSemaphoreStatic  queue.o
    0x0800a20a   0x0800a20a   0x00000002   PAD
    0x0800a20c   0x0800a20c   0x00000086   Code   RO         1376    .text.xQueueGenericCreate  queue.o
    0x0800a292   0x0800a292   0x00000002   PAD
    0x0800a294   0x0800a294   0x000000de   Code   RO         1374    .text.xQueueGenericCreateStatic  queue.o
    0x0800a372   0x0800a372   0x00000002   PAD
    0x0800a374   0x0800a374   0x0000022a   Code   RO         1388    .text.xQueueGenericSend  queue.o
    0x0800a59e   0x0800a59e   0x00000002   PAD
    0x0800a5a0   0x0800a5a0   0x00000158   Code   RO         1400    .text.xQueueGenericSendFromISR  queue.o
    0x0800a6f8   0x0800a6f8   0x000000c8   Code   RO         1402    .text.xQueueGiveFromISR  queue.o
    0x0800a7c0   0x0800a7c0   0x000001aa   Code   RO         1404    .text.xQueueReceive  queue.o
    0x0800a96a   0x0800a96a   0x00000002   PAD
    0x0800a96c   0x0800a96c   0x000000e4   Code   RO         1408    .text.xQueueReceiveFromISR  queue.o
    0x0800aa50   0x0800aa50   0x000001d6   Code   RO         1392    .text.xQueueSemaphoreTake  queue.o
    0x0800ac26   0x0800ac26   0x00000002   PAD
    0x0800ac28   0x0800ac28   0x000000a2   Code   RO         1565    .text.xTaskCheckForTimeOut  tasks.o
    0x0800acca   0x0800acca   0x00000002   PAD
    0x0800accc   0x0800accc   0x00000060   Code   RO         1503    .text.xTaskCreate   tasks.o
    0x0800ad2c   0x0800ad2c   0x00000076   Code   RO         1497    .text.xTaskCreateStatic  tasks.o
    0x0800ada2   0x0800ada2   0x00000002   PAD
    0x0800ada4   0x0800ada4   0x0000001e   Code   RO         1579    .text.xTaskGetSchedulerState  tasks.o
    0x0800adc2   0x0800adc2   0x00000002   PAD
    0x0800adc4   0x0800adc4   0x0000000c   Code   RO         1539    .text.xTaskGetTickCount  tasks.o
    0x0800add0   0x0800add0   0x00000104   Code   RO         1537    .text.xTaskIncrementTick  tasks.o
    0x0800aed4   0x0800aed4   0x0000008a   Code   RO         1583    .text.xTaskPriorityDisinherit  tasks.o
    0x0800af5e   0x0800af5e   0x00000002   PAD
    0x0800af60   0x0800af60   0x00000092   Code   RO         1581    .text.xTaskPriorityInherit  tasks.o
    0x0800aff2   0x0800aff2   0x00000002   PAD
    0x0800aff4   0x0800aff4   0x00000072   Code   RO         1557    .text.xTaskRemoveFromEventList  tasks.o
    0x0800b066   0x0800b066   0x00000002   PAD
    0x0800b068   0x0800b068   0x000000ee   Code   RO         1511    .text.xTaskResumeAll  tasks.o
    0x0800b156   0x0800b156   0x00000002   PAD
    0x0800b158   0x0800b158   0x000000b4   Code   RO         1616    .text.xTimerCreateTimerTask  timers.o
    0x0800b20c   0x0800b20c   0x0000001a   Code   RO         2300    x$fpl$fpinit        fz_wm.l(fpinit.o)
    0x0800b226   0x0800b226   0x00000010   Data   RO         1307    .rodata.AHBPrescTable  system_stm32f4xx.o
    0x0800b236   0x0800b236   0x00000008   Data   RO         1308    .rodata.APBPrescTable  system_stm32f4xx.o
    0x0800b23e   0x0800b23e   0x00000080   Data   RO         1999    .rodata.ExCvt       ff.o
    0x0800b2be   0x0800b2be   0x00000002   PAD
    0x0800b2c0   0x0800b2c0   0x00000024   Data   RO          188    .rodata.LCDTask_attributes  main.o
    0x0800b2e4   0x0800b2e4   0x00000100   Data   RO         2048    .rodata.Tbl         ccsbcs.o
    0x0800b3e4   0x0800b3e4   0x00004e20   Data   RO           50    .rodata.epd_bitmap_Color_Selector  ssd1963_fsmc.o
    0x08010204   0x08010204   0x00004e20   Data   RO           54    .rodata.epd_bitmap_Contact  ssd1963_fsmc.o
    0x08015024   0x08015024   0x00004e20   Data   RO           55    .rodata.epd_bitmap_Future  ssd1963_fsmc.o
    0x08019e44   0x08019e44   0x00004e20   Data   RO           57    .rodata.epd_bitmap_Gallary  ssd1963_fsmc.o
    0x0801ec64   0x0801ec64   0x00004e20   Data   RO           51    .rodata.epd_bitmap_Hooks  ssd1963_fsmc.o
    0x08023a84   0x08023a84   0x00004e20   Data   RO           52    .rodata.epd_bitmap_Pick_Lock  ssd1963_fsmc.o
    0x080288a4   0x080288a4   0x00004e20   Data   RO           53    .rodata.epd_bitmap_Restore  ssd1963_fsmc.o
    0x0802d6c4   0x0802d6c4   0x00004e20   Data   RO           56    .rodata.epd_bitmap_Settings  ssd1963_fsmc.o
    0x080324e4   0x080324e4   0x00004e20   Data   RO           49    .rodata.epd_bitmap_Test_Pattern  ssd1963_fsmc.o
    0x08037304   0x08037304   0x00000024   Data   RO          189    .rodata.keypadPoll_attributes  main.o
    0x08037328   0x08037328   0x00000018   Data   RO          191    .rodata.keypadQueue_attributes  main.o
    0x08037340   0x08037340   0x0000001f   Data   RO          187    .rodata.str1.1      main.o
    0x0803735f   0x0803735f   0x00000005   Data   RO         1656    .rodata.str1.1      timers.o
    0x08037364   0x08037364   0x000002ae   Data   RO         2049    .rodata.str2.2      ccsbcs.o
    0x08037612   0x08037612   0x00000002   PAD
    0x08037614   0x08037614   0x00000020   Data   RO         2394    Region$$Table       anon$$obj.o


    Execution Region RW_IRAM1 (Exec base: 0x20000000, Load base: 0x08037638, Size: 0x00005830, Max: 0x0001c000, ABSOLUTE)

    Exec Addr    Load Addr    Size         Type   Attr      Idx    E Section Name        Object

    0x20000000   0x08037638   0x00000008   Data   RW          622    .data..L_MergedGlobals  stm32f4xx_hal.o
    0x20000008   0x08037640   0x00000010   Data   RW          158    .data.KEYPAD_INT_Buttons  keypad.o
    0x20000018   0x08037650   0x00000001   Data   RW          160    .data.KeypadStatus  keypad.o
    0x20000019   0x08037651   0x00000001   Data   RW         2069    .data.Stat          user_diskio.o
    0x2000001a   0x08037652   0x00000002   PAD
    0x2000001c   0x08037654   0x00000004   Data   RW         1306    .data.SystemCoreClock  system_stm32f4xx.o
    0x20000020   0x08037658   0x00000014   Data   RW         2068    .data.USER_Driver   user_diskio.o
    0x20000034   0x0803766c   0x00000004   Data   RW         1877    .data.uxCriticalNesting  port.o
    0x20000038        -       0x00000060   Zero   RW         2264    .bss                c_w.l(libspace.o)
    0x20000098        -       0x00000004   Zero   RW          137    .bss..L_MergedGlobals  fatfs_user_sd.o
    0x2000009c        -       0x00000054   Zero   RW          206    .bss..L_MergedGlobals  main.o
    0x200000f0        -       0x00000078   Zero   RW         1606    .bss..L_MergedGlobals  tasks.o
    0x20000168        -       0x0000003c   Zero   RW         1657    .bss..L_MergedGlobals  timers.o
    0x200001a4        -       0x00000020   Zero   RW         1842    .bss..L_MergedGlobals  heap_4.o
    0x200001c4        -       0x00000008   Zero   RW         1878    .bss..L_MergedGlobals  port.o
    0x200001cc        -       0x00000005   Zero   RW         1893    .bss..L_MergedGlobals  fatfs.o
    0x200001d1   0x08037670   0x00000003   PAD
    0x200001d4        -       0x00000028   Zero   RW         2000    .bss..L_MergedGlobals  ff.o
    0x200001fc        -       0x00000028   Zero   RW         1607    .bss..L_MergedGlobals.1  tasks.o
    0x20000224        -       0x00000001   Zero   RW          253    .bss.FSMC_Initialized  stm32f4xx_hal_msp.o
    0x20000225        -       0x00000001   Zero   RW          159    .bss.KEYPAD_INT_KeypadType  keypad.o
    0x20000226        -       0x00000002   Zero   RW          161    .bss.KEYPAD_Update.millis  keypad.o
    0x20000228        -       0x00000004   Zero   RW         1816    .bss.KernelState    cmsis_os2.o
    0x2000022c        -       0x00000230   Zero   RW          195    .bss.MyFile         main.o
    0x2000045c        -       0x00000200   Zero   RW          194    .bss.buffer         main.o
    0x2000065c        -       0x0000000c   Zero   RW         2019    .bss.disk           ff_gen_drv.o
    0x20000668        -       0x00000238   Zero   RW          193    .bss.fs             main.o
    0x200008a0        -       0x00000058   Zero   RW          197    .bss.hspi1          main.o
    0x200008f8        -       0x00000050   Zero   RW          198    .bss.hsram1         main.o
    0x20000948        -       0x00000048   Zero   RW          269    .bss.htim6          stm32f4xx_hal_timebase_tim.o
    0x20000990        -       0x00000050   Zero   RW          190    .bss.keypadQueueControlBlock  main.o
    0x200009e0        -       0x000000a0   Zero   RW         1655    .bss.prvCheckForValidListAndQueue.ucStaticTimerQueueStorage  timers.o
    0x20000a80        -       0x00000050   Zero   RW         1654    .bss.prvCheckForValidListAndQueue.xStaticTimerQueue  timers.o
    0x20000ad0        -       0x00000460   Zero   RW         1605    .bss.pxReadyTasksLists  tasks.o
    0x20000f30        -       0x00000001   Zero   RW           60    .bss.selectIcon.prevIconSelected  ssd1963_fsmc.o
    0x20000f31        -       0x00003c00   Zero   RW         1841    .bss.ucHeap         heap_4.o
    0x20004b31   0x08037670   0x00000003   PAD
    0x20004b34        -       0x00000004   Zero   RW          621    .bss.uwTick         stm32f4xx_hal.o
    0x20004b38        -       0x00000200   Zero   RW         1818    .bss.vApplicationGetIdleTaskMemory.Idle_Stack  cmsis_os2.o
    0x20004d38        -       0x0000005c   Zero   RW         1817    .bss.vApplicationGetIdleTaskMemory.Idle_TCB  cmsis_os2.o
    0x20004d94        -       0x00000400   Zero   RW         1820    .bss.vApplicationGetTimerTaskMemory.Timer_Stack  cmsis_os2.o
    0x20005194        -       0x0000005c   Zero   RW         1819    .bss.vApplicationGetTimerTaskMemory.Timer_TCB  cmsis_os2.o
    0x200051f0        -       0x00000040   Zero   RW         1438    .bss.xQueueRegistry  queue.o
    0x20005230        -       0x00000200   Zero   RW            2    HEAP                startup_stm32f407xx.o
    0x20005430        -       0x00000400   Zero   RW            1    STACK               startup_stm32f407xx.o


    Execution Region RW_IRAM2 (Exec base: 0x2001c000, Load base: 0x08037670, Size: 0x00000000, Max: 0x00004000, ABSOLUTE)

    **** No section assigned to this execution region ****


==============================================================================

Image component sizes


      Code (inc. data)   RO Data    RW Data    ZI Data      Debug   Object Name

       514         10        942          0          0       2499   ccsbcs.o
      1258          0          0          0       1724      44671   cmsis_os2.o
       144          0          0          0          0       1871   diskio.o
        32          0          0          0          5       2098   fatfs.o
      5556         14          0          0          4      35840   fatfs_user_sd.o
     13010        108        128          0         40      96501   ff.o
        76          0          0          0         12       3251   ff_gen_drv.o
       734          0          0          0      15392       5665   heap_4.o
       690          0          0         17          3       3524   keypad.o
       190          0          0          0          0       2324   list.o
      1336         48        127          0       1972      17679   main.o
       994         16          0          4          8       4113   port.o
      3656          0          0          0         64      28783   queue.o
      4316         22     180000          0          1      77834   ssd1963_fsmc.o
        64         26        392          0       1536        844   startup_stm32f407xx.o
       132          0          0          8          4       7290   stm32f4xx_hal.o
       150          0          0          0          0      10488   stm32f4xx_hal_cortex.o
        36          0          0          0          0      10578   stm32f4xx_hal_dma.o
       462          0          0          0          0       5282   stm32f4xx_hal_gpio.o
       444          0          0          0          1      10177   stm32f4xx_hal_msp.o
      1486          0          0          0          0       7409   stm32f4xx_hal_rcc.o
      1514          0          0          0          0      25914   stm32f4xx_hal_spi.o
        92          0          0          0          0      12870   stm32f4xx_hal_sram.o
       954          0          0          0          0      55009   stm32f4xx_hal_tim.o
         4          0          0          0          0      21236   stm32f4xx_hal_tim_ex.o
       188          0          0          0         72       7258   stm32f4xx_hal_timebase_tim.o
       320          0          0          0          0      31988   stm32f4xx_hal_uart.o
        36          0          0          0          0       5440   stm32f4xx_it.o
       278          0          0          0          0       7656   stm32f4xx_ll_fsmc.o
        56          0          0          0          0       1691   syscall.o
        18          0         24          4          0       2627   system_stm32f4xx.o
      3422          8          0          0       1280      43941   tasks.o
      1086         20          5          0        300      16213   timers.o
       278          6          0         21          0       4713   user_diskio.o

    ----------------------------------------------------------------------
     43700        278     181654         56      22424     615277   Object Totals
         0          0         32          0          0          0   (incl. Generated)
       174          0          4          2          6          0   (incl. Padding)

    ----------------------------------------------------------------------

      Code (inc. data)   RO Data    RW Data    ZI Data      Debug   Library Member Name

         8          0          0          0          0         68   __main.o
         0          0          0          0          0          0   __rtentry.o
        12          0          0          0          0          0   __rtentry2.o
         6          0          0          0          0          0   __rtentry4.o
        52          8          0          0          0          0   __scatter.o
        26          0          0          0          0          0   __scatter_copy.o
        28          0          0          0          0          0   __scatter_zi.o
        16          0          0          0          0         68   aeabi_memset4.o
        10          0          0          0          0         68   defsig_exit.o
        50          0          0          0          0         88   defsig_general.o
        80         58          0          0          0         76   defsig_rtmem_inner.o
        14          0          0          0          0         80   defsig_rtmem_outer.o
        18          0          0          0          0         80   exit.o
        94          0          0          0          0         80   h1_alloc.o
        52          0          0          0          0         68   h1_extend.o
        78          0          0          0          0         80   h1_free.o
        14          0          0          0          0         84   h1_init.o
         6          0          0          0          0        152   heapauxi.o
         4          0          0          0          0        136   hguard.o
         0          0          0          0          0          0   indicate_semi.o
       138          0          0          0          0        168   init_alloc.o
         2          0          0          0          0          0   libinit.o
        14          0          0          0          0          0   libinit2.o
         2          0          0          0          0          0   libshutdown.o
         2          0          0          0          0          0   libshutdown2.o
         8          4          0          0         96         68   libspace.o
       240          0          0          0          0        100   lludivv7m.o
         0          0          0          0          0          0   maybetermalloc1.o
         8          4          0          0          0         68   rt_heap_descriptor_intlibspace.o
        68          0          0          0          0         68   rt_memclr.o
        78          0          0          0          0         80   rt_memclr_w.o
       138          0          0          0          0         68   rt_memcpy_v6.o
       100          0          0          0          0         80   rt_memcpy_w.o
         2          0          0          0          0          0   rtexit.o
        10          0          0          0          0          0   rtexit2.o
        12          4          0          0          0         68   sys_exit.o
        74          0          0          0          0         80   sys_stackheap_outer.o
        14          0          0          0          0         76   sys_wrch.o
         2          0          0          0          0         68   use_no_semi.o
        26          0          0          0          0        116   fpinit.o

    ----------------------------------------------------------------------
      1514         78          0          0         96       2236   Library Totals
         8          0          0          0          0          0   (incl. Padding)

    ----------------------------------------------------------------------

      Code (inc. data)   RO Data    RW Data    ZI Data      Debug   Library Name

      1480         78          0          0         96       2120   c_w.l
        26          0          0          0          0        116   fz_wm.l

    ----------------------------------------------------------------------
      1514         78          0          0         96       2236   Library Totals

    ----------------------------------------------------------------------

==============================================================================


      Code (inc. data)   RO Data    RW Data    ZI Data      Debug   

     45214        356     181654         56      22520     615729   Grand Totals
     45214        356     181654         56      22520     615729   ELF Image Totals
     45214        356     181654         56          0          0   ROM Totals

==============================================================================

    Total RO  Size (Code + RO Data)               226868 ( 221.55kB)
    Total RW  Size (RW Data + ZI Data)             22576 (  22.05kB)
    Total ROM Size (Code + RO Data + RW Data)     226924 ( 221.61kB)

==============================================================================

